[backblue.gif]
[fade.gif]
[index.html]
[laravel.spruko.com/spruha/ltr/assets/img/brand/favicon.ico]
[laravel.spruko.com/spruha/ltr/index.html]
[laravel.spruko.com/spruha/ltr/assets/plugins/bootstrap/css/bootstrap.min.css]
[laravel.spruko.com/spruha/ltr/assets/img/brand/logo-light.png]
[laravel.spruko.com/spruha/ltr/assets/img/brand/icon-light.png]
[laravel.spruko.com/spruha/ltr/assets/img/brand/logo.png]
[laravel.spruko.com/spruha/ltr/assets/img/brand/icon.png]
[laravel.spruko.com/spruha/ltr/assets/plugins/web-fonts/icons.css]
[laravel.spruko.com/spruha/ltr/assets/plugins/web-fonts/font-awesome/font-awesome.min.css]
[laravel.spruko.com/spruha/ltr/assets/plugins/web-fonts/plugin.css]
[laravel.spruko.com/spruha/ltr/assets/css/style/style.css]
[laravel.spruko.com/spruha/ltr/assets/css/skins.css]
[laravel.spruko.com/spruha/ltr/assets/img/flags/french_flag.jpg]
[laravel.spruko.com/spruha/ltr/assets/img/flags/germany_flag.jpg]
[laravel.spruko.com/spruha/ltr/assets/img/flags/italy_flag.jpg]
[laravel.spruko.com/spruha/ltr/assets/img/flags/russia_flag.jpg]
[laravel.spruko.com/spruha/ltr/assets/img/flags/spain_flag.jpg]
[laravel.spruko.com/spruha/ltr/assets/img/users/5.jpg]
[laravel.spruko.com/spruha/ltr/assets/img/users/2.jpg]
[laravel.spruko.com/spruha/ltr/assets/css/dark-style.css]
[laravel.spruko.com/spruha/ltr/assets/img/users/3.jpg]
[laravel.spruko.com/spruha/ltr/assets/img/users/1.jpg]
[laravel.spruko.com/spruha/ltr/assets/img/pngs/work3.png]
[laravel.spruko.com/spruha/ltr/assets/img/users/4.jpg]
[laravel.spruko.com/spruha/ltr/assets/css/colors/default.css]
[laravel.spruko.com/spruha/ltr/assets/img/users/6.jpg]
[laravel.spruko.com/spruha/ltr/assets/img/users/7.jpg]
[laravel.spruko.com/spruha/ltr/assets/img/users/8.jpg]
[laravel.spruko.com/spruha/ltr/assets/img/users/11.jpg]
[laravel.spruko.com/spruha/ltr/assets/css/colors/color.css]
[laravel.spruko.com/spruha/ltr/assets/img/users/12.jpg]
[laravel.spruko.com/spruha/ltr/assets/img/users/9.jpg]
[laravel.spruko.com/spruha/ltr/assets/img/users/10.jpg]
[laravel.spruko.com/spruha/ltr/assets/img/pngs/work.png]
[laravel.spruko.com/spruha/ltr/assets/plugins/select2/css/select2.min.css]
[laravel.spruko.com/spruha/ltr/assets/img/media/project-logo.png]
[laravel.spruko.com/spruha/ltr/assets/plugins/jquery/jquery.min.js]
[laravel.spruko.com/spruha/ltr/assets/plugins/bootstrap/js/popper.min.js]
[laravel.spruko.com/spruha/ltr/assets/plugins/bootstrap/js/bootstrap.min.js]
[laravel.spruko.com/spruha/ltr/assets/plugins/multipleselect/multiple-select.css]
[laravel.spruko.com/spruha/ltr/assets/plugins/select2/js/select2.min.js]
[laravel.spruko.com/spruha/ltr/assets/plugins/perfect-scrollbar/perfect-scrollbar.min.js]
[laravel.spruko.com/spruha/ltr/assets/plugins/sidemenu/sidemenu.js]
[laravel.spruko.com/spruha/ltr/assets/plugins/sidebar/sidebar.js]
[laravel.spruko.com/spruha/ltr/assets/css/sidemenu/sidemenu.css]
[laravel.spruko.com/spruha/ltr/assets/plugins/chart.js/Chart.bundle.min.js]
[laravel.spruko.com/spruha/ltr/assets/plugins/peity/jquery.peity.min.js]
[laravel.spruko.com/spruha/ltr/assets/plugins/raphael/raphael.min.js]
[laravel.spruko.com/spruha/ltr/assets/plugins/morris.js/morris.min.js]
[laravel.spruko.com/spruha/ltr/assets/switcher/css/switcher.css]
[laravel.spruko.com/spruha/ltr/assets/js/circle-progress.min.js]
[laravel.spruko.com/spruha/ltr/assets/js/chart-circle.js]
[laravel.spruko.com/spruha/ltr/assets/js/index.js]
[laravel.spruko.com/spruha/ltr/assets/js/sticky.js]
[laravel.spruko.com/spruha/ltr/assets/switcher/demo.css]
[laravel.spruko.com/spruha/ltr/assets/js/custom.js]
[laravel.spruko.com/spruha/ltr/assets/switcher/js/switcher.js]
[laravel.spruko.com/spruha/ltr/assets/plugins/web-fonts/font/fontawesome-webfont3e6e.eot]
[laravel.spruko.com/spruha/ltr/assets/plugins/web-fonts/font/fontawesome-webfontd41d.eot]
[laravel.spruko.com/spruha/ltr/assets/plugins/web-fonts/font/fontawesome-webfont3e6e.woff2]
[laravel.spruko.com/spruha/ltr/assets/plugins/web-fonts/font/fontawesome-webfont3e6e.woff]
[laravel.spruko.com/spruha/ltr/assets/plugins/web-fonts/font/fontawesome-webfont3e6e.ttf]
[laravel.spruko.com/spruha/ltr/assets/plugins/web-fonts/font/Material-Design-Iconic-Fontd1f1.woff2]
[laravel.spruko.com/spruha/ltr/assets/plugins/web-fonts/font/Material-Design-Iconic-Fontd1f1.woff]
[laravel.spruko.com/spruha/ltr/assets/plugins/web-fonts/font/Material-Design-Iconic-Fontd1f1.ttf]
[laravel.spruko.com/spruha/ltr/assets/plugins/web-fonts/font/themify9f24.eot]
[laravel.spruko.com/spruha/ltr/horizontal.html]
[laravel.spruko.com/spruha/ltr/assets/plugins/web-fonts/font/themifyd41d.eot]
[laravel.spruko.com/spruha/ltr/assets/plugins/web-fonts/font/themify9f24.woff]
[laravel.spruko.com/spruha/ltr/assets/plugins/web-fonts/font/themify9f24.ttf]
[laravel.spruko.com/spruha/ltr/assets/css/colors/color1.css]
[laravel.spruko.com/spruha/ltr/assets/plugins/web-fonts/font/ioniconsaa26.eot]
[laravel.spruko.com/spruha/ltr/assets/plugins/web-fonts/font/ioniconsaa26.ttf]
[laravel.spruko.com/spruha/ltr/assets/plugins/web-fonts/font/ioniconsaa26.woff]
[laravel.spruko.com/spruha/ltr/assets/css/colors/color2.css]
[laravel.spruko.com/spruha/ltr/assets/plugins/web-fonts/font/weathericons-regular-webfont.eot]
[laravel.spruko.com/spruha/ltr/assets/plugins/web-fonts/font/weathericons-regular-webfontd41d.eot]
[laravel.spruko.com/spruha/ltr/assets/plugins/web-fonts/font/weathericons-regular-webfont.woff2]
[laravel.spruko.com/spruha/ltr/assets/plugins/web-fonts/font/weathericons-regular-webfont.ttf]
[laravel.spruko.com/spruha/ltr/assets/css/colors/color3.css]
[laravel.spruko.com/spruha/ltr/assets/plugins/web-fonts/font/typicons.eot]
[laravel.spruko.com/spruha/ltr/assets/plugins/web-fonts/font/typiconsd41d.eot]
[laravel.spruko.com/spruha/ltr/assets/plugins/web-fonts/font/typicons.woff]
[laravel.spruko.com/spruha/ltr/assets/css/colors/color4.css]
[laravel.spruko.com/spruha/ltr/assets/plugins/web-fonts/font/typicons.ttf]
[laravel.spruko.com/spruha/ltr/assets/plugins/web-fonts/font/Pe-icon-7-strokebb1d.eot]
[laravel.spruko.com/spruha/ltr/assets/plugins/web-fonts/font/Pe-icon-7-stroked41d.eot]
[laravel.spruko.com/spruha/ltr/assets/css/colors/color5.css]
[laravel.spruko.com/spruha/ltr/assets/plugins/web-fonts/font/Pe-icon-7-strokebb1d.woff]
[laravel.spruko.com/spruha/ltr/assets/plugins/web-fonts/font/Pe-icon-7-strokebb1d.ttf]
[laravel.spruko.com/spruha/ltr/assets/plugins/web-fonts/font-awesome/fontawesome-webfont3e6e.eot]
[laravel.spruko.com/spruha/ltr/assets/img/loader.svg]
[laravel.spruko.com/spruha/ltr/assets/plugins/web-fonts/font-awesome/fontawesome-webfontd41d.eot]
[laravel.spruko.com/spruha/ltr/assets/plugins/web-fonts/font-awesome/fontawesome-webfont3e6e.woff2]
[laravel.spruko.com/spruha/ltr/assets/plugins/web-fonts/font-awesome/fontawesome-webfont3e6e.woff]
[laravel.spruko.com/spruha/ltr/assets/plugins/web-fonts/font-awesome/fontawesome-webfont3e6e.ttf]
[laravel.spruko.com/spruha/ltr/assets/plugins/web-fonts/font-awesome/fa-brands-400.eot]
[laravel.spruko.com/spruha/ltr/assets/plugins/web-fonts/font-awesome/fa-brands-400d41d.eot]
[laravel.spruko.com/spruha/ltr/assets/plugins/web-fonts/font-awesome/fa-brands-400.woff2]
[laravel.spruko.com/spruha/ltr/assets/plugins/web-fonts/font-awesome/fa-brands-400.woff]
[laravel.spruko.com/spruha/ltr/assets/plugins/web-fonts/font-awesome/fa-brands-400.ttf]
[laravel.spruko.com/spruha/ltr/assets/plugins/web-fonts/font-awesome/fa-regular-400.eot]
[laravel.spruko.com/spruha/ltr/assets/plugins/web-fonts/font-awesome/fa-regular-400d41d.eot]
[laravel.spruko.com/spruha/ltr/assets/plugins/web-fonts/font-awesome/fa-regular-400.woff2]
[laravel.spruko.com/spruha/ltr/assets/plugins/web-fonts/font-awesome/fa-regular-400.woff]
[laravel.spruko.com/spruha/ltr/assets/plugins/web-fonts/font-awesome/fa-regular-400.ttf]
[laravel.spruko.com/spruha/ltr/cryptodashbaord.html]
[laravel.spruko.com/spruha/ltr/assets/plugins/web-fonts/font-awesome/fa-solid-900.eot]
[laravel.spruko.com/spruha/ltr/assets/plugins/web-fonts/font-awesome/fa-solid-900d41d.eot]
[laravel.spruko.com/spruha/ltr/assets/plugins/web-fonts/font-awesome/fa-solid-900.woff2]
[laravel.spruko.com/spruha/ltr/cryptomarket.html]
[laravel.spruko.com/spruha/ltr/assets/plugins/web-fonts/font-awesome/fa-solid-900.woff]
[laravel.spruko.com/spruha/ltr/assets/plugins/web-fonts/font-awesome/fa-solid-900.ttf]
[laravel.spruko.com/spruha/ltr/cryptocurrencyexchange.html]
[laravel.spruko.com/spruha/ltr/assets/plugins/web-fonts/fonts/themify/themify.eot]
[laravel.spruko.com/spruha/ltr/assets/plugins/web-fonts/fonts/themify/themify.woff]
[laravel.spruko.com/spruha/ltr/assets/plugins/web-fonts/fonts/themify/themify.ttf]
[laravel.spruko.com/spruha/ltr/assets/plugins/web-fonts/fonts/weathericons/weathericons-regular-webfont.eot]
[laravel.spruko.com/spruha/ltr/assets/plugins/web-fonts/fonts/weathericons/weathericons-regular-webfont.woff2]
[laravel.spruko.com/spruha/ltr/assets/plugins/web-fonts/fonts/weathericons/weathericons-regular-webfont.woff]
[laravel.spruko.com/spruha/ltr/cryptobuysell.html]
[laravel.spruko.com/spruha/ltr/assets/plugins/web-fonts/fonts/weathericons/weathericons-regular-webfont.ttf]
[laravel.spruko.com/spruha/ltr/assets/plugins/web-fonts/fonts/materialdesignicons/materialdesignicons-webfont.eot]
[laravel.spruko.com/spruha/ltr/assets/plugins/web-fonts/fonts/materialdesignicons/materialdesignicons-webfont.woff2]
[laravel.spruko.com/spruha/ltr/assets/plugins/web-fonts/fonts/materialdesignicons/materialdesignicons-webfont.woff]
[laravel.spruko.com/spruha/ltr/assets/plugins/web-fonts/fonts/materialdesignicons/materialdesignicons-webfont.ttf]
[laravel.spruko.com/spruha/ltr/assets/plugins/web-fonts/fonts/simple-line-icons/Simple-Line-Icons.eot]
[laravel.spruko.com/spruha/ltr/assets/plugins/web-fonts/fonts/simple-line-icons/Simple-Line-Icons.woff2]
[laravel.spruko.com/spruha/ltr/assets/plugins/web-fonts/fonts/simple-line-icons/Simple-Line-Icons.ttf]
[laravel.spruko.com/spruha/ltr/assets/plugins/web-fonts/fonts/simple-line-icons/Simple-Line-Icons.woff]
[laravel.spruko.com/spruha/ltr/assets/plugins/web-fonts/fonts/feather/feather-webfont.eot]
[laravel.spruko.com/spruha/ltr/assets/plugins/web-fonts/fonts/feather/feather-webfont.woff]
[laravel.spruko.com/spruha/ltr/assets/plugins/clipboard/clipboard.min.js]
[laravel.spruko.com/spruha/ltr/assets/plugins/web-fonts/fonts/feather/feather-webfont.ttf]
[laravel.spruko.com/spruha/ltr/assets/plugins/web-fonts/fonts/ionicons/ionicons.eot]
[laravel.spruko.com/spruha/ltr/assets/plugins/web-fonts/fonts/ionicons/ionicons53d0.woff2]
[laravel.spruko.com/spruha/ltr/assets/plugins/web-fonts/fonts/ionicons/ionicons53d0.woff]
[laravel.spruko.com/spruha/ltr/assets/plugins/web-fonts/fonts/ionicons/ionicons53d0.ttf]
[laravel.spruko.com/spruha/ltr/assets/img/pngs/bg1.png]
[laravel.spruko.com/spruha/ltr/assets/switcher/img/2.png]
[laravel.spruko.com/spruha/ltr/assets/switcher/img/3.png]
[laravel.spruko.com/spruha/ltr/assets/switcher/img/4.png]
[laravel.spruko.com/spruha/ltr/assets/switcher/img/5.png]
[laravel.spruko.com/spruha/ltr/assets/switcher/img/6.png]
[laravel.spruko.com/spruha/ltr/assets/switcher/img/8.png]
[laravel.spruko.com/spruha/ltr/assets/switcher/img/7.png]
[laravel.spruko.com/spruha/ltr/assets/plugins/owl-carousel/owl.carousel.js]
[laravel.spruko.com/spruha/ltr/assets/js/apexcharts.js]
[laravel.spruko.com/spruha/ltr/assets/plugins/polyfill/polyfill.min.js]
[laravel.spruko.com/spruha/ltr/assets/plugins/polyfill/classList.min.js]
[laravel.spruko.com/spruha/ltr/assets/plugins/polyfill/polyfill_mdn.js]
[laravel.spruko.com/spruha/ltr/assets/plugins/jquery-sparkline/jquery.sparkline.min.js]
[laravel.spruko.com/spruha/ltr/assets/js/crypto-market.js]
[laravel.spruko.com/spruha/ltr/assets/js/select2.js]
[laravel.spruko.com/spruha/ltr/assets/js/crypto-exchange.js]
[laravel.spruko.com/spruha/ltr/assets/img/visa.png]
[laravel.spruko.com/spruha/ltr/assets/img/mastercard.png]
[laravel.spruko.com/spruha/ltr/assets/img/paypal.png]
[laravel.spruko.com/spruha/ltr/assets/img/amex.png]
[laravel.spruko.com/spruha/ltr/assets/js/crypto-buysell.js]
[laravel.spruko.com/spruha/ltr/assets/img/pngs/qrcode.png]
[laravel.spruko.com/spruha/ltr/assets/plugins/clipboard/clipboard.js]
[laravel.spruko.com/spruha/ltr/cryptowallet.html]
[laravel.spruko.com/spruha/ltr/cryptotranscations.html]
[laravel.spruko.com/spruha/ltr/ecommercedashboard.html]
[laravel.spruko.com/spruha/ltr/assets/js/crypto-dashboard.js]
[laravel.spruko.com/spruha/ltr/assets/plugins/datatable/jquery.dataTables.min.js]
[laravel.spruko.com/spruha/ltr/assets/plugins/datatable/dataTables.bootstrap4.min.js]
[laravel.spruko.com/spruha/ltr/assets/js/table-data.js]
[laravel.spruko.com/spruha/ltr/assets/plugins/datatable/dataTables.responsive.min.js]
[laravel.spruko.com/spruha/ltr/assets/plugins/datatable/fileexport/dataTables.buttons.min.js]
[laravel.spruko.com/spruha/ltr/assets/plugins/datatable/fileexport/buttons.bootstrap4.min.js]
[laravel.spruko.com/spruha/ltr/assets/img/pngs/14.png]
[laravel.spruko.com/spruha/ltr/assets/img/pngs/18.png]
[laravel.spruko.com/spruha/ltr/assets/img/pngs/17.png]
[laravel.spruko.com/spruha/ltr/assets/img/pngs/16.png]
[laravel.spruko.com/spruha/ltr/assets/img/pngs/19.png]
[laravel.spruko.com/spruha/ltr/assets/img/pngs/15.png]
[laravel.spruko.com/spruha/ltr/assets/js/ecommerce-dashboard.js]
[laravel.spruko.com/spruha/ltr/assets/img/pngs/05.png]
[laravel.spruko.com/spruha/ltr/assets/plugins/jvectormap/jquery-jvectormap-2.0.2.min.js]
[laravel.spruko.com/spruha/ltr/assets/plugins/jvectormap/jquery-jvectormap-world-mill-en.js]
[laravel.spruko.com/spruha/ltr/assets/plugins/jvectormap/gdp-data.js]
[laravel.spruko.com/spruha/ltr/assets/img/pngs/1.png]
[laravel.spruko.com/spruha/ltr/assets/img/pngs/01.png]
[laravel.spruko.com/spruha/ltr/assets/img/pngs/2.png]
[laravel.spruko.com/spruha/ltr/assets/img/pngs/02.png]
[laravel.spruko.com/spruha/ltr/assets/img/pngs/3.png]
[laravel.spruko.com/spruha/ltr/assets/img/pngs/03.png]
[laravel.spruko.com/spruha/ltr/assets/img/pngs/4.png]
[laravel.spruko.com/spruha/ltr/assets/img/pngs/04.png]
[laravel.spruko.com/spruha/ltr/assets/img/pngs/6.png]
[laravel.spruko.com/spruha/ltr/assets/img/pngs/5.png]
[laravel.spruko.com/spruha/ltr/assets/img/pngs/06.png]
[laravel.spruko.com/spruha/ltr/assets/img/pngs/7.png]
[laravel.spruko.com/spruha/ltr/ecommerceproducts.html]
[laravel.spruko.com/spruha/ltr/assets/img/pngs/07.png]
[laravel.spruko.com/spruha/ltr/assets/img/pngs/8.png]
[laravel.spruko.com/spruha/ltr/assets/img/pngs/08.png]
[laravel.spruko.com/spruha/ltr/assets/js/check-all-mail.js]
[laravel.spruko.com/spruha/ltr/ecommerceproductdetails.html]
[laravel.spruko.com/spruha/ltr/assets/img/pngs/shirt-3.png]
[laravel.spruko.com/spruha/ltr/assets/img/pngs/shirt-5.png]
[laravel.spruko.com/spruha/ltr/ecommercecart.html]
[laravel.spruko.com/spruha/ltr/assets/img/pngs/shirt-4.png]
[laravel.spruko.com/spruha/ltr/assets/img/pngs/shirt-2.png]
[laravel.spruko.com/spruha/ltr/assets/js/handleCounter.js]
[laravel.spruko.com/spruha/ltr/ecommercecheckout.html]
[laravel.spruko.com/spruha/ltr/assets/plugins/checkout-jquery-steps/jquery.steps.min.js]
[laravel.spruko.com/spruha/ltr/ecommerceorders.html]
[laravel.spruko.com/spruha/ltr/assets/js/checkout-jquery-steps.js]
[laravel.spruko.com/spruha/ltr/ecommerceaccount.html]
[laravel.spruko.com/spruha/ltr/widgets.html]
[laravel.spruko.com/spruha/ltr/assets/plugins/jquery-ui/ui/widgets/datepicker.js]
[laravel.spruko.com/spruha/ltr/mailinbox.html]
[laravel.spruko.com/spruha/ltr/viewmail.html]
[laravel.spruko.com/spruha/ltr/assets/img/media/18.jpg]
[laravel.spruko.com/spruha/ltr/assets/img/media/19.jpg]
[laravel.spruko.com/spruha/ltr/chat.html]
[laravel.spruko.com/spruha/ltr/assets/img/media/20.jpg]
[laravel.spruko.com/spruha/ltr/assets/img/media/3.jpg]
[laravel.spruko.com/spruha/ltr/assets/img/media/4.jpg]
[laravel.spruko.com/spruha/ltr/assets/img/media/5.jpg]
[laravel.spruko.com/spruha/ltr/assets/plugins/lightslider/js/lightslider.min.js]
[laravel.spruko.com/spruha/ltr/assets/js/chat.js]
[laravel.spruko.com/spruha/ltr/cards.html]
[laravel.spruko.com/spruha/ltr/assets/img/media/1.jpg]
[laravel.spruko.com/spruha/ltr/assets/img/media/2.jpg]
[laravel.spruko.com/spruha/ltr/assets/plugins/prism/prism.js]
[laravel.spruko.com/spruha/ltr/assets/plugins/moment/min/moment.min.js]
[laravel.spruko.com/spruha/ltr/assets/plugins/fullcalendar/fullcalendar.min.js]
[laravel.spruko.com/spruha/ltr/assets/js/calendar-events.js]
[laravel.spruko.com/spruha/ltr/assets/js/calendar.js]
[laravel.spruko.com/spruha/ltr/calendar.html]
[laravel.spruko.com/spruha/ltr/contacts.html]
[laravel.spruko.com/spruha/ltr/assets/js/contacts.js]
[laravel.spruko.com/spruha/ltr/icons01.html]
[laravel.spruko.com/spruha/ltr/assets/plugins/multipleselect/multiple-select.js]
[laravel.spruko.com/spruha/ltr/assets/plugins/multipleselect/multi-select.js]
[laravel.spruko.com/spruha/ltr/icons02.html]
[laravel.spruko.com/spruha/ltr/icons03.html]
[laravel.spruko.com/spruha/ltr/icons04.html]
[laravel.spruko.com/spruha/ltr/icons05.html]
[laravel.spruko.com/spruha/ltr/icons06.html]
[laravel.spruko.com/spruha/ltr/icons07.html]
[laravel.spruko.com/spruha/ltr/icons08.html]
[laravel.spruko.com/spruha/ltr/icons09.html]
[laravel.spruko.com/spruha/ltr/icons10.html]
[laravel.spruko.com/spruha/ltr/icons11.html]
[laravel.spruko.com/spruha/ltr/mapmapel.html]
[laravel.spruko.com/spruha/ltr/assets/plugins/mapel/raphael.min.js]
[laravel.spruko.com/spruha/ltr/assets/plugins/mapel/jquery.mapael.js]
[laravel.spruko.com/spruha/ltr/mapvector.html]
[laravel.spruko.com/spruha/ltr/assets/plugins/mapel/maps/france_departments.js]
[laravel.spruko.com/spruha/ltr/assets/plugins/mapel/maps/world_countries.js]
[laravel.spruko.com/spruha/ltr/assets/plugins/mapel/maps/usa_states.js]
[laravel.spruko.com/spruha/ltr/assets/js/mapelmaps.js]
[laravel.spruko.com/spruha/ltr/assets/plugins/jqvmap/jquery.vmap.min.js]
[laravel.spruko.com/spruha/ltr/assets/plugins/jqvmap/maps/jquery.vmap.world.js]
[laravel.spruko.com/spruha/ltr/assets/plugins/jqvmap/maps/jquery.vmap.usa.js]
[laravel.spruko.com/spruha/ltr/assets/plugins/jqvmap/maps/jquery.vmap.canada.js]
[laravel.spruko.com/spruha/ltr/assets/js/vector-map.js]
[laravel.spruko.com/spruha/ltr/assets/js/jquery.vmap.sampledata.js]
[laravel.spruko.com/spruha/ltr/tablebasic.html]
[laravel.spruko.com/spruha/ltr/tabledata.html]
[laravel.spruko.com/spruha/ltr/assets/plugins/datatable/fileexport/jszip.min.js]
[laravel.spruko.com/spruha/ltr/assets/plugins/datatable/fileexport/pdfmake.min.js]
[laravel.spruko.com/spruha/ltr/alerts.html]
[laravel.spruko.com/spruha/ltr/assets/plugins/datatable/fileexport/vfs_fonts.js]
[laravel.spruko.com/spruha/ltr/assets/plugins/datatable/fileexport/buttons.html5.min.js]
[laravel.spruko.com/spruha/ltr/avatar.html]
[laravel.spruko.com/spruha/ltr/assets/plugins/datatable/fileexport/buttons.print.min.js]
[laravel.spruko.com/spruha/ltr/assets/plugins/datatable/fileexport/buttons.colVis.min.js]
[laravel.spruko.com/spruha/ltr/breadcrumbs.html]
[laravel.spruko.com/spruha/ltr/buttons.html]
[laravel.spruko.com/spruha/ltr/assets/js/widgets.js]
[laravel.spruko.com/spruha/ltr/badge.html]
[laravel.spruko.com/spruha/ltr/dropdown.html]
[laravel.spruko.com/spruha/ltr/thumbnails.html]
[laravel.spruko.com/spruha/ltr/assets/img/media/9.jpg]
[laravel.spruko.com/spruha/ltr/assets/img/media/13.jpg]
[laravel.spruko.com/spruha/ltr/listgroup.html]
[laravel.spruko.com/spruha/ltr/assets/img/media/14.jpg]
[laravel.spruko.com/spruha/ltr/assets/img/media/15.jpg]
[laravel.spruko.com/spruha/ltr/navigation.html]
[laravel.spruko.com/spruha/ltr/assets/img/media/10.jpg]
[laravel.spruko.com/spruha/ltr/pagination.html]
[laravel.spruko.com/spruha/ltr/assets/img/media/11.jpg]
[laravel.spruko.com/spruha/ltr/assets/img/media/8.jpg]
[laravel.spruko.com/spruha/ltr/popover.html]
[laravel.spruko.com/spruha/ltr/assets/img/media/7.jpg]
[laravel.spruko.com/spruha/ltr/assets/img/media/12.jpg]
[laravel.spruko.com/spruha/ltr/progress.html]
[laravel.spruko.com/spruha/ltr/assets/js/navigation.js]
[laravel.spruko.com/spruha/ltr/assets/js/popover.js]
[laravel.spruko.com/spruha/ltr/spinners.html]
[laravel.spruko.com/spruha/ltr/mediaobject.html]
[laravel.spruko.com/spruha/ltr/assets/img/media/6.jpg]
[laravel.spruko.com/spruha/ltr/typography.html]
[laravel.spruko.com/spruha/ltr/tooltip.html]
[laravel.spruko.com/spruha/ltr/assets/js/tooltip.js]
[laravel.spruko.com/spruha/ltr/toast.html]
[laravel.spruko.com/spruha/ltr/tags.html]
[laravel.spruko.com/spruha/ltr/assets/plugins/inputtags/inputtags.js]
[laravel.spruko.com/spruha/ltr/accordion.html]
[laravel.spruko.com/spruha/ltr/carousel.html]
[laravel.spruko.com/spruha/ltr/assets/img/media/16.jpg]
[laravel.spruko.com/spruha/ltr/assets/img/media/17.jpg]
[laravel.spruko.com/spruha/ltr/assets/plugins/multislider/multislider.js]
[laravel.spruko.com/spruha/ltr/assets/js/carousel.js]
[laravel.spruko.com/spruha/ltr/collapse.html]
[laravel.spruko.com/spruha/ltr/assets/plugins/counters/jquery.missofis-countdown.js]
[laravel.spruko.com/spruha/ltr/assets/plugins/counters/counterup.min.js]
[laravel.spruko.com/spruha/ltr/assets/plugins/counters/waypoints.min.js]
[laravel.spruko.com/spruha/ltr/assets/plugins/counters/counter.js]
[laravel.spruko.com/spruha/ltr/counters.html]
[laravel.spruko.com/spruha/ltr/modals.html]
[laravel.spruko.com/spruha/ltr/assets/plugins/model-datepicker/js/datepicker.js]
[laravel.spruko.com/spruha/ltr/assets/plugins/model-datepicker/js/main.js]
[laravel.spruko.com/spruha/ltr/assets/js/modal.js]
[laravel.spruko.com/spruha/ltr/timeline.html]
[laravel.spruko.com/spruha/ltr/assets/plugins/timeline/js/timeline.min.js]
[laravel.spruko.com/spruha/ltr/assets/js/timline.js]
[laravel.spruko.com/spruha/ltr/darggablecard.html]
[laravel.spruko.com/spruha/ltr/assets/plugins/darggable/jquery-ui-darggable.min.js]
[laravel.spruko.com/spruha/ltr/assets/plugins/darggable/darggable.js]
[laravel.spruko.com/spruha/ltr/sweetalert.html]
[laravel.spruko.com/spruha/ltr/assets/plugins/sweet-alert/sweetalert.min.js]
[laravel.spruko.com/spruha/ltr/assets/plugins/sweet-alert/jquery.sweet-alert.js]
[laravel.spruko.com/spruha/ltr/rating.html]
[laravel.spruko.com/spruha/ltr/assets/plugins/rating/jquery.barrating.js]
[laravel.spruko.com/spruha/ltr/assets/plugins/rating/ratings.js]
[laravel.spruko.com/spruha/ltr/search.html]
[laravel.spruko.com/spruha/ltr/assets/img/media/screen1.jpg]
[laravel.spruko.com/spruha/ltr/assets/img/media/screen2.jpg]
[laravel.spruko.com/spruha/ltr/assets/img/media/screen3.jpg]
[laravel.spruko.com/spruha/ltr/assets/img/media/screen4.jpg]
[laravel.spruko.com/spruha/ltr/assets/img/media/screen5.jpg]
[laravel.spruko.com/spruha/ltr/userlist.html]
[laravel.spruko.com/spruha/ltr/blog.html]
[laravel.spruko.com/spruha/ltr/formelements.html]
[laravel.spruko.com/spruha/ltr/assets/plugins/jquery.maskedinput/jquery.maskedinput.js]
[laravel.spruko.com/spruha/ltr/assets/plugins/spectrum-colorpicker/spectrum.js]
[laravel.spruko.com/spruha/ltr/assets/plugins/ion-rangeslider/js/ion.rangeSlider.min.js]
[laravel.spruko.com/spruha/ltr/assets/js/form-elements.js]
[laravel.spruko.com/spruha/ltr/assets/plugins/bootstrap-daterangepicker/moment.min.js]
[laravel.spruko.com/spruha/ltr/assets/plugins/bootstrap-daterangepicker/daterangepicker.js]
[laravel.spruko.com/spruha/ltr/assets/plugins/fileuploads/js/fileupload.js]
[laravel.spruko.com/spruha/ltr/assets/plugins/fileuploads/js/file-upload.js]
[laravel.spruko.com/spruha/ltr/formadvanced.html]
[laravel.spruko.com/spruha/ltr/assets/plugins/fancyuploder/jquery.ui.widget.js]
[laravel.spruko.com/spruha/ltr/assets/plugins/fancyuploder/jquery.fileupload.js]
[laravel.spruko.com/spruha/ltr/assets/plugins/fancyuploder/jquery.iframe-transport.js]
[laravel.spruko.com/spruha/ltr/assets/plugins/fancyuploder/jquery.fancy-fileupload.js]
[laravel.spruko.com/spruha/ltr/assets/plugins/fancyuploder/fancy-uploader.js]
[laravel.spruko.com/spruha/ltr/assets/js/advanced-form-elements.js]
[laravel.spruko.com/spruha/ltr/assets/plugins/sumoselect/jquery.sumoselect.js]
[laravel.spruko.com/spruha/ltr/assets/plugins/telephoneinput/telephoneinput.js]
[laravel.spruko.com/spruha/ltr/assets/plugins/telephoneinput/inttelephoneinput.js]
[laravel.spruko.com/spruha/ltr/formlayouts.html]
[laravel.spruko.com/spruha/ltr/assets/js/form-layouts.js]
[laravel.spruko.com/spruha/ltr/formvalidation.html]
[laravel.spruko.com/spruha/ltr/assets/plugins/parsleyjs/parsley.min.js]
[laravel.spruko.com/spruha/ltr/assets/js/form-validation.js]
[laravel.spruko.com/spruha/ltr/formwizards.html]
[laravel.spruko.com/spruha/ltr/assets/plugins/jquery-steps/jquery.steps.min.js]
[laravel.spruko.com/spruha/ltr/assets/plugins/accordion-Wizard-Form/jquery.accordion-wizard.min.js]
[laravel.spruko.com/spruha/ltr/assets/js/form-wizard.js]
[laravel.spruko.com/spruha/ltr/formeditor.html]
[laravel.spruko.com/spruha/ltr/assets/plugins/quill/quill.min.js]
[laravel.spruko.com/spruha/ltr/assets/plugins/summernote/summernote-bs4.js]
[laravel.spruko.com/spruha/ltr/assets/js/form-editor.js]
[laravel.spruko.com/spruha/ltr/assets/js/chart.morris.js]
[laravel.spruko.com/spruha/ltr/chartmorris.html]
[laravel.spruko.com/spruha/ltr/chartflot.html]
[laravel.spruko.com/spruha/ltr/assets/plugins/jquery.flot/jquery.flot.js]
[laravel.spruko.com/spruha/ltr/assets/plugins/jquery.flot/jquery.flot.pie.js]
[laravel.spruko.com/spruha/ltr/assets/plugins/jquery.flot/jquery.flot.resize.js]
[laravel.spruko.com/spruha/ltr/assets/js/chart.flot.js]
[laravel.spruko.com/spruha/ltr/chartchartjs.html]
[laravel.spruko.com/spruha/ltr/assets/js/chart.chartjs.js]
[laravel.spruko.com/spruha/ltr/chartsparkpeity.html]
[laravel.spruko.com/spruha/ltr/assets/js/chart.sparkline.js]
[laravel.spruko.com/spruha/ltr/assets/js/chart.peity.js]
[laravel.spruko.com/spruha/ltr/chartechart.html]
[laravel.spruko.com/spruha/ltr/assets/js/chart.echarts.js]
[laravel.spruko.com/spruha/ltr/assets/plugins/echarts/echarts.js]
[laravel.spruko.com/spruha/ltr/profile.html]
[laravel.spruko.com/spruha/ltr/assets/plugins/gallery/picturefill.js]
[laravel.spruko.com/spruha/ltr/assets/plugins/gallery/lightgallery.js]
[laravel.spruko.com/spruha/ltr/assets/plugins/gallery/lightgallery-1.js]
[laravel.spruko.com/spruha/ltr/assets/plugins/gallery/lg-pager.js]
[laravel.spruko.com/spruha/ltr/assets/plugins/gallery/lg-autoplay.js]
[laravel.spruko.com/spruha/ltr/assets/plugins/gallery/lg-fullscreen.js]
[laravel.spruko.com/spruha/ltr/assets/plugins/gallery/lg-hash.js]
[laravel.spruko.com/spruha/ltr/assets/plugins/gallery/lg-share.js]
[laravel.spruko.com/spruha/ltr/invoice.html]
[laravel.spruko.com/spruha/ltr/assets/plugins/gallery/lg-zoom.js]
[laravel.spruko.com/spruha/ltr/pricing.html]
[laravel.spruko.com/spruha/ltr/gallery.html]
[laravel.spruko.com/spruha/ltr/faq.html]
[laravel.spruko.com/spruha/ltr/successmessage.html]
[laravel.spruko.com/spruha/ltr/dangermessage.html]
[laravel.spruko.com/spruha/ltr/warningmessage.html]
[laravel.spruko.com/spruha/ltr/empty.html]
[laravel.spruko.com/spruha/ltr/background.html]
[laravel.spruko.com/spruha/ltr/border.html]
[laravel.spruko.com/spruha/ltr/display.html]
[laravel.spruko.com/spruha/ltr/flex.html]
[laravel.spruko.com/spruha/ltr/height.html]
[laravel.spruko.com/spruha/ltr/margin.html]
[laravel.spruko.com/spruha/ltr/padding.html]
[laravel.spruko.com/spruha/ltr/position.html]
[laravel.spruko.com/spruha/ltr/width.html]
[laravel.spruko.com/spruha/ltr/extras.html]
[laravel.spruko.com/spruha/ltr/signin.html]
[laravel.spruko.com/spruha/ltr/signup.html]
[laravel.spruko.com/spruha/ltr/forgot.html]
[laravel.spruko.com/spruha/ltr/reset.html]
[laravel.spruko.com/spruha/ltr/lockscreen.html]
[laravel.spruko.com/spruha/ltr/underconstruction.html]
[laravel.spruko.com/spruha/ltr/assets/plugins/jquery-countdown/jquery.plugin.min.js]
[laravel.spruko.com/spruha/ltr/assets/plugins/jquery-countdown/jquery.countdown.js]
[laravel.spruko.com/spruha/ltr/assets/plugins/jquery-countdown/countdown.js]
[laravel.spruko.com/spruha/ltr/error404.html]
[laravel.spruko.com/spruha/ltr/error500.html]
[laravel.spruko.com/spruha/ltr/assets/plugins/web-fonts/font/fontawesome-webfont3e6e.svg]
[laravel.spruko.com/spruha/ltr/assets/plugins/web-fonts/font/themify9f24.svg]
[laravel.spruko.com/spruha/ltr/assets/plugins/web-fonts/fonts/Simple-Line-Icons4c82.html]
[laravel.spruko.com/spruha/ltr/assets/plugins/web-fonts/fonts/Simple-Line-Iconsd41d.html]
[laravel.spruko.com/spruha/ltr/assets/plugins/web-fonts/fonts/Simple-Line-Icons4c82-2.html]
[laravel.spruko.com/spruha/ltr/assets/plugins/web-fonts/fonts/Simple-Line-Icons4c82-3.html]
[laravel.spruko.com/spruha/ltr/assets/plugins/web-fonts/fonts/Simple-Line-Icons4c82-4.html]
[laravel.spruko.com/spruha/ltr/assets/plugins/web-fonts/fonts/Simple-Line-Icons4c82-5.html]
[laravel.spruko.com/spruha/ltr/assets/plugins/web-fonts/font/ioniconsaa26.svg]
[laravel.spruko.com/spruha/ltr/assets/plugins/web-fonts/fonts/weathericons-regular-webfont.html]
[laravel.spruko.com/spruha/ltr/assets/plugins/web-fonts/font/weathericons-regular-webfont.svg]
[laravel.spruko.com/spruha/ltr/assets/plugins/web-fonts/font/typicons.svg]
[laravel.spruko.com/spruha/ltr/assets/plugins/web-fonts/font/Pe-icon-7-strokebb1d.svg]
[laravel.spruko.com/spruha/ltr/assets/plugins/web-fonts/font-awesome/fontawesome-webfont3e6e.svg]
[laravel.spruko.com/spruha/ltr/assets/plugins/web-fonts/font-awesome/fa-brands-400.svg]
[laravel.spruko.com/spruha/ltr/assets/plugins/web-fonts/font-awesome/fa-regular-400.svg]
[laravel.spruko.com/spruha/ltr/assets/plugins/web-fonts/font-awesome/fa-solid-900.svg]
[laravel.spruko.com/spruha/ltr/assets/plugins/web-fonts/cryptofont/css/cryptofont.min.css]
[laravel.spruko.com/spruha/ltr/assets/plugins/web-fonts/cryptofont/fonts/cryptofont-webfont.eot]
[laravel.spruko.com/spruha/ltr/assets/plugins/web-fonts/cryptofont/fonts/cryptofont-webfontd41d.eot]
[laravel.spruko.com/spruha/ltr/assets/plugins/web-fonts/cryptofont/fonts/cryptofont-webfont.woff]
[laravel.spruko.com/spruha/ltr/assets/plugins/web-fonts/cryptofont/fonts/cryptofont-webfont.ttf]
[laravel.spruko.com/spruha/ltr/assets/plugins/web-fonts/flag-icon-css/css/flag-icon.min.css]
[laravel.spruko.com/spruha/ltr/assets/plugins/web-fonts/fonts/themify/themify.svg]
[laravel.spruko.com/spruha/ltr/assets/plugins/web-fonts/fonts/weathericons/weathericons-regular-webfont.svg]
[laravel.spruko.com/spruha/ltr/assets/plugins/web-fonts/fonts/materialdesignicons/materialdesignicons-webfontd41d.svg]
[laravel.spruko.com/spruha/ltr/assets/plugins/web-fonts/fonts/simple-line-icons/Simple-Line-Icons.svg]
[laravel.spruko.com/spruha/ltr/assets/plugins/web-fonts/fonts/feather/feather-webfont.svg]
[laravel.spruko.com/spruha/ltr/assets/plugins/web-fonts/fonts/ionicons/ionicons53d0.svg]
[laravel.spruko.com/spruha/ltr/assets/plugins/owl-carousel/owl.video.play.d1.delayed]
[laravel.spruko.com/spruha/ltr/assets/images/faces/female/6.jpg]
[laravel.spruko.com/spruha/ltr/assets/images/faces/male/13.jpg]
[laravel.spruko.com/spruha/ltr/assets/images/faces/female/15.jpg]
[laravel.spruko.com/spruha/ltr/assets/plugins/owl-carousel/owl.carousel.css]
[laravel.spruko.com/spruha/ltr/assets/img/svgs/crypto-currencies/btc.svg]
[laravel.spruko.com/spruha/ltr/assets/img/svgs/crypto-currencies/eth.svg]
[laravel.spruko.com/spruha/ltr/assets/img/svgs/crypto-currencies/xrp.svg]
[laravel.spruko.com/spruha/ltr/assets/img/svgs/crypto-currencies/ltc.svg]
[laravel.spruko.com/spruha/ltr/assets/img/svgs/crypto-currencies/dash.svg]
[laravel.spruko.com/spruha/ltr/assets/img/svgs/crypto-currencies/xmr.svg]
[laravel.spruko.com/spruha/ltr/assets/img/svgs/crypto-currencies/neo.svg]
[laravel.spruko.com/spruha/ltr/assets/img/svgs/crypto-currencies/steem.svg]
[laravel.spruko.com/spruha/ltr/assets/img/svgs/crypto-currencies/eos.svg]
[laravel.spruko.com/spruha/ltr/assets/img/svgs/crypto-currencies/miota.svg]
[laravel.spruko.com/spruha/ltr/assets/img/svgs/crypto-currencies/waves.svg]
[laravel.spruko.com/spruha/ltr/assets/plugins/datatable/dataTables.bootstrap4.min.css]
[laravel.spruko.com/spruha/ltr/assets/plugins/datatable/responsivebootstrap4.min.css]
[laravel.spruko.com/spruha/ltr/assets/plugins/datatable/fileexport/buttons.bootstrap4.min.css]
[laravel.spruko.com/spruha/ltr/assets/img/svgs/crypto-currencies/eur.svg]
[laravel.spruko.com/spruha/ltr/assets/img/pngs/7.png]
[laravel.spruko.com/spruha/ltr/assets/plugins/lightslider/img/controls.png]
[laravel.spruko.com/spruha/ltr/assets/plugins/lightslider/css/lightslider.min.css]
[laravel.spruko.com/spruha/ltr/assets/plugins/prism/prism.css]
[laravel.spruko.com/spruha/ltr/assets/plugins/fullcalendar/fullcalendar.css]
[laravel.spruko.com/spruha/ltr/assets/plugins/fullcalendar/fullcalendar.print.min.css]
[laravel.spruko.com/spruha/ltr/assets/css/icon-list.html]
[laravel.spruko.com/spruha/ltr/assets/plugins/jqvmap/jqvmap.min.css]
[laravel.spruko.com/spruha/ltr/assets/plugins/inputtags/inputtags.css]
[laravel.spruko.com/spruha/ltr/assets/plugins/multislider/multislider.css]
[laravel.spruko.com/spruha/ltr/.html]
[laravel.spruko.com/spruha/ltr/assets/plugins/model-datepicker/css/datepicker.css]
[laravel.spruko.com/spruha/ltr/assets/js/crypto-dashboard.js]
[laravel.spruko.com/spruha/ltr/assets/plugins/timeline/css/timeline.min.css]
[laravel.spruko.com/spruha/ltr/assets/plugins/darggable/images/ui-icons_444444_256x240.png]
[laravel.spruko.com/spruha/ltr/assets/plugins/darggable/images/ui-icons_555555_256x240.png]
[laravel.spruko.com/spruha/ltr/assets/plugins/darggable/images/ui-icons_ffffff_256x240.png]
[laravel.spruko.com/spruha/ltr/assets/plugins/darggable/images/ui-icons_777620_256x240.png]
[laravel.spruko.com/spruha/ltr/assets/plugins/darggable/images/ui-icons_cc0000_256x240.png]
[laravel.spruko.com/spruha/ltr/assets/plugins/darggable/images/ui-icons_777777_256x240.png]
[laravel.spruko.com/spruha/ltr/assets/plugins/darggable/jquery-ui-darggable.css]
[laravel.spruko.com/spruha/ltr/assets/plugins/sweet-alert/sweetalert.css]
[laravel.spruko.com/spruha/ltr/assets/plugins/rating/ratings.css]
[laravel.spruko.com/spruha/ltr/assets/plugins/rating/themes/bars-1to10.css]
[laravel.spruko.com/spruha/ltr/assets/plugins/rating/themes/bars-movie.css]
[laravel.spruko.com/spruha/ltr/assets/plugins/rating/themes/bars-square.css]
[laravel.spruko.com/spruha/ltr/assets/plugins/rating/themes/bars-pill.css]
[laravel.spruko.com/spruha/ltr/assets/plugins/rating/themes/bars-reversed.css]
[laravel.spruko.com/spruha/ltr/assets/plugins/rating/themes/bars-horizontal.css]
[laravel.spruko.com/spruha/ltr/assets/plugins/rating/themes/fontawesome-stars.css]
[laravel.spruko.com/spruha/ltr/assets/plugins/rating/themes/css-stars.css]
[laravel.spruko.com/spruha/ltr/assets/plugins/rating/themes/bootstrap-stars.css]
[laravel.spruko.com/spruha/ltr/assets/plugins/rating/themes/fontawesome-stars-o.css]
[laravel.spruko.com/spruha/ltr/assets/plugins/spectrum-colorpicker/spectrum.css]
[laravel.spruko.com/spruha/ltr/assets/plugins/ion-rangeslider/css/ion.rangeSlider.css]
[laravel.spruko.com/spruha/ltr/assets/plugins/ion-rangeslider/css/ion.rangeSlider.skinFlat.css]
[laravel.spruko.com/spruha/ltr/assets/plugins/bootstrap-daterangepicker/daterangepicker.css]
[laravel.spruko.com/spruha/ltr/assets/plugins/fileuploads/fonts/dropify.eot]
[laravel.spruko.com/spruha/ltr/assets/plugins/fileuploads/fonts/dropify.woff]
[laravel.spruko.com/spruha/ltr/assets/plugins/fileuploads/fonts/dropify.ttf]
[laravel.spruko.com/spruha/ltr/assets/plugins/fileuploads/css/fileupload.css]
[laravel.spruko.com/spruha/ltr/assets/plugins/fancyuploder/fancy_upload.png]
[laravel.spruko.com/spruha/ltr/assets/plugins/fancyuploder/fancy_microphone.png]
[laravel.spruko.com/spruha/ltr/assets/plugins/fancyuploder/fancy_webcam.png]
[laravel.spruko.com/spruha/ltr/assets/plugins/fancyuploder/fancy_okay.png]
[laravel.spruko.com/spruha/ltr/assets/plugins/fancyuploder/fancy_remove.png]
[laravel.spruko.com/spruha/ltr/assets/plugins/fancyuploder/fancy_fileupload.css]
[laravel.spruko.com/spruha/ltr/assets/plugins/sumoselect/sumoselect.css]
[laravel.spruko.com/spruha/ltr/assets/plugins/telephoneinput/img/flags16.png]
[laravel.spruko.com/spruha/ltr/assets/plugins/telephoneinput/telephoneinput.css]
[laravel.spruko.com/spruha/ltr/assets/plugins/quill/quill.snow.css]
[laravel.spruko.com/spruha/ltr/assets/plugins/quill/quill.bubble.css]
[laravel.spruko.com/spruha/ltr/assets/plugins/summernote/font/summernote.eot]
[laravel.spruko.com/spruha/ltr/assets/plugins/summernote/font/summernote.woff2]
[laravel.spruko.com/spruha/ltr/assets/plugins/summernote/font/summernoted41d.eot]
[laravel.spruko.com/spruha/ltr/assets/plugins/summernote/font/summernote.woff]
[laravel.spruko.com/spruha/ltr/assets/plugins/summernote/font/summernote.ttf]
[laravel.spruko.com/spruha/ltr/assets/plugins/summernote/summernote-bs4.css]
[laravel.spruko.com/spruha/ltr/assets/plugins/morris.js/morris.css]
[laravel.spruko.com/spruha/ltr/assets/plugins/echarts/echarts.js]
[laravel.spruko.com/spruha/ltr/assets/plugins/gallery/fonts/lgd641.eot]
[laravel.spruko.com/spruha/ltr/assets/plugins/gallery/fonts/lgd41d.eot]
[laravel.spruko.com/spruha/ltr/assets/plugins/gallery/fonts/lgd641.woff]
[laravel.spruko.com/spruha/ltr/assets/plugins/gallery/fonts/lgd641.ttf]
[laravel.spruko.com/spruha/ltr/assets/plugins/img/vimeo-play.png]
[laravel.spruko.com/spruha/ltr/assets/plugins/img/video-play.f2.delayed]
[laravel.spruko.com/spruha/ltr/assets/plugins/img/youtube-play.f3.delayed]
[laravel.spruko.com/spruha/ltr/assets/plugins/gallery/loading.gif]
[laravel.spruko.com/spruha/ltr/assets/plugins/gallery/gallery.css]
[laravel.spruko.com/spruha/ltr/twitter.com/spruko.html]
[laravel.spruko.com/spruha/ltr/assets/img/svgs/user.svg]
[laravel.spruko.com/spruha/ltr/assets/plugins/jquery-countdown/jquery.countdown.css]
[laravel.spruko.com/spruha/ltr/assets/plugins/web-fonts/cryptofont/fonts/cryptofont-webfont.svg]
[laravel.spruko.com/spruha/ltr/assets/plugins/web-fonts/flag-icon-css/flags/4x3/ad.svg]
[laravel.spruko.com/spruha/ltr/assets/plugins/web-fonts/flag-icon-css/flags/1x1/ad.svg]
[laravel.spruko.com/spruha/ltr/assets/plugins/web-fonts/flag-icon-css/flags/4x3/ae.svg]
[laravel.spruko.com/spruha/ltr/assets/plugins/web-fonts/flag-icon-css/flags/1x1/ae.svg]
[laravel.spruko.com/spruha/ltr/assets/plugins/web-fonts/flag-icon-css/flags/4x3/af.svg]
[laravel.spruko.com/spruha/ltr/assets/plugins/web-fonts/flag-icon-css/flags/1x1/af.svg]
[laravel.spruko.com/spruha/ltr/assets/plugins/web-fonts/flag-icon-css/flags/4x3/ag.svg]
[laravel.spruko.com/spruha/ltr/assets/plugins/web-fonts/flag-icon-css/flags/1x1/ag.svg]
[laravel.spruko.com/spruha/ltr/assets/plugins/web-fonts/flag-icon-css/flags/4x3/ai.svg]
[laravel.spruko.com/spruha/ltr/assets/plugins/web-fonts/flag-icon-css/flags/1x1/ai.svg]
[laravel.spruko.com/spruha/ltr/assets/plugins/web-fonts/flag-icon-css/flags/4x3/al.svg]
[laravel.spruko.com/spruha/ltr/assets/plugins/web-fonts/flag-icon-css/flags/1x1/al.svg]
[laravel.spruko.com/spruha/ltr/assets/plugins/web-fonts/flag-icon-css/flags/4x3/am.svg]
[laravel.spruko.com/spruha/ltr/assets/plugins/web-fonts/flag-icon-css/flags/1x1/am.svg]
[laravel.spruko.com/spruha/ltr/assets/plugins/web-fonts/flag-icon-css/flags/4x3/ao.svg]
[laravel.spruko.com/spruha/ltr/assets/plugins/web-fonts/flag-icon-css/flags/1x1/ao.svg]
[laravel.spruko.com/spruha/ltr/assets/plugins/web-fonts/flag-icon-css/flags/4x3/aq.svg]
[laravel.spruko.com/spruha/ltr/assets/plugins/web-fonts/flag-icon-css/flags/1x1/aq.svg]
[laravel.spruko.com/spruha/ltr/assets/plugins/web-fonts/flag-icon-css/flags/4x3/ar.svg]
[laravel.spruko.com/spruha/ltr/assets/plugins/web-fonts/flag-icon-css/flags/1x1/ar.svg]
[laravel.spruko.com/spruha/ltr/assets/plugins/web-fonts/flag-icon-css/flags/4x3/as.svg]
[laravel.spruko.com/spruha/ltr/assets/plugins/web-fonts/flag-icon-css/flags/1x1/as.svg]
[laravel.spruko.com/spruha/ltr/assets/plugins/web-fonts/flag-icon-css/flags/4x3/at.svg]
[laravel.spruko.com/spruha/ltr/assets/plugins/web-fonts/flag-icon-css/flags/1x1/at.svg]
[laravel.spruko.com/spruha/ltr/assets/plugins/web-fonts/flag-icon-css/flags/4x3/au.svg]
[laravel.spruko.com/spruha/ltr/assets/plugins/web-fonts/flag-icon-css/flags/1x1/au.svg]
[laravel.spruko.com/spruha/ltr/assets/plugins/web-fonts/flag-icon-css/flags/4x3/aw.svg]
[laravel.spruko.com/spruha/ltr/assets/plugins/web-fonts/flag-icon-css/flags/1x1/aw.svg]
[laravel.spruko.com/spruha/ltr/assets/plugins/web-fonts/flag-icon-css/flags/4x3/ax.svg]
[laravel.spruko.com/spruha/ltr/assets/plugins/web-fonts/flag-icon-css/flags/1x1/ax.svg]
[laravel.spruko.com/spruha/ltr/assets/plugins/web-fonts/flag-icon-css/flags/4x3/az.svg]
[laravel.spruko.com/spruha/ltr/assets/plugins/web-fonts/flag-icon-css/flags/1x1/az.svg]
[laravel.spruko.com/spruha/ltr/assets/plugins/web-fonts/flag-icon-css/flags/4x3/ba.svg]
[laravel.spruko.com/spruha/ltr/assets/plugins/web-fonts/flag-icon-css/flags/1x1/ba.svg]
[laravel.spruko.com/spruha/ltr/assets/plugins/web-fonts/flag-icon-css/flags/4x3/bb.svg]
[laravel.spruko.com/spruha/ltr/assets/plugins/web-fonts/flag-icon-css/flags/1x1/bb.svg]
[laravel.spruko.com/spruha/ltr/assets/plugins/web-fonts/flag-icon-css/flags/4x3/bd.svg]
[laravel.spruko.com/spruha/ltr/assets/plugins/web-fonts/flag-icon-css/flags/1x1/bd.svg]
[laravel.spruko.com/spruha/ltr/assets/plugins/web-fonts/flag-icon-css/flags/4x3/be.svg]
[laravel.spruko.com/spruha/ltr/assets/plugins/web-fonts/flag-icon-css/flags/1x1/be.svg]
[laravel.spruko.com/spruha/ltr/assets/plugins/web-fonts/flag-icon-css/flags/4x3/bf.svg]
[laravel.spruko.com/spruha/ltr/assets/plugins/web-fonts/flag-icon-css/flags/1x1/bf.svg]
[laravel.spruko.com/spruha/ltr/assets/plugins/web-fonts/flag-icon-css/flags/4x3/bg.svg]
[laravel.spruko.com/spruha/ltr/assets/plugins/web-fonts/flag-icon-css/flags/1x1/bg.svg]
[laravel.spruko.com/spruha/ltr/assets/plugins/web-fonts/flag-icon-css/flags/4x3/bh.svg]
[laravel.spruko.com/spruha/ltr/assets/plugins/web-fonts/flag-icon-css/flags/1x1/bh.svg]
[laravel.spruko.com/spruha/ltr/assets/plugins/web-fonts/flag-icon-css/flags/4x3/bi.svg]
[laravel.spruko.com/spruha/ltr/assets/plugins/web-fonts/flag-icon-css/flags/1x1/bi.svg]
[laravel.spruko.com/spruha/ltr/assets/plugins/web-fonts/flag-icon-css/flags/4x3/bj.svg]
[laravel.spruko.com/spruha/ltr/assets/plugins/web-fonts/flag-icon-css/flags/1x1/bj.svg]
[laravel.spruko.com/spruha/ltr/assets/plugins/web-fonts/flag-icon-css/flags/4x3/bl.svg]
[laravel.spruko.com/spruha/ltr/assets/plugins/web-fonts/flag-icon-css/flags/1x1/bl.svg]
[laravel.spruko.com/spruha/ltr/assets/plugins/web-fonts/flag-icon-css/flags/4x3/bm.svg]
[laravel.spruko.com/spruha/ltr/assets/plugins/web-fonts/flag-icon-css/flags/1x1/bm.svg]
[laravel.spruko.com/spruha/ltr/assets/plugins/web-fonts/flag-icon-css/flags/4x3/bn.svg]
[laravel.spruko.com/spruha/ltr/assets/plugins/web-fonts/flag-icon-css/flags/1x1/bn.svg]
[laravel.spruko.com/spruha/ltr/assets/plugins/web-fonts/flag-icon-css/flags/4x3/bo.svg]
[laravel.spruko.com/spruha/ltr/assets/plugins/web-fonts/flag-icon-css/flags/1x1/bo.svg]
[laravel.spruko.com/spruha/ltr/assets/plugins/web-fonts/flag-icon-css/flags/4x3/bq.svg]
[laravel.spruko.com/spruha/ltr/assets/plugins/web-fonts/flag-icon-css/flags/1x1/bq.svg]
[laravel.spruko.com/spruha/ltr/assets/plugins/web-fonts/flag-icon-css/flags/4x3/br.svg]
[laravel.spruko.com/spruha/ltr/assets/plugins/web-fonts/flag-icon-css/flags/1x1/br.svg]
[laravel.spruko.com/spruha/ltr/assets/plugins/web-fonts/flag-icon-css/flags/4x3/bs.svg]
[laravel.spruko.com/spruha/ltr/assets/plugins/web-fonts/flag-icon-css/flags/1x1/bs.svg]
[laravel.spruko.com/spruha/ltr/assets/plugins/web-fonts/flag-icon-css/flags/4x3/bt.svg]
[laravel.spruko.com/spruha/ltr/assets/plugins/web-fonts/flag-icon-css/flags/1x1/bt.svg]
[laravel.spruko.com/spruha/ltr/assets/plugins/web-fonts/flag-icon-css/flags/4x3/bv.svg]
[laravel.spruko.com/spruha/ltr/assets/plugins/web-fonts/flag-icon-css/flags/1x1/bv.svg]
[laravel.spruko.com/spruha/ltr/assets/plugins/web-fonts/flag-icon-css/flags/4x3/bw.svg]
[laravel.spruko.com/spruha/ltr/assets/plugins/web-fonts/flag-icon-css/flags/1x1/bw.svg]
[laravel.spruko.com/spruha/ltr/assets/plugins/web-fonts/flag-icon-css/flags/4x3/by.svg]
[laravel.spruko.com/spruha/ltr/assets/plugins/web-fonts/flag-icon-css/flags/1x1/by.svg]
[laravel.spruko.com/spruha/ltr/assets/plugins/web-fonts/flag-icon-css/flags/4x3/bz.svg]
[laravel.spruko.com/spruha/ltr/assets/plugins/web-fonts/flag-icon-css/flags/1x1/bz.svg]
[laravel.spruko.com/spruha/ltr/assets/plugins/web-fonts/flag-icon-css/flags/4x3/ca.svg]
[laravel.spruko.com/spruha/ltr/assets/plugins/web-fonts/flag-icon-css/flags/1x1/ca.svg]
[laravel.spruko.com/spruha/ltr/assets/plugins/web-fonts/flag-icon-css/flags/4x3/cc.svg]
[laravel.spruko.com/spruha/ltr/assets/plugins/web-fonts/flag-icon-css/flags/1x1/cc.svg]
[laravel.spruko.com/spruha/ltr/assets/plugins/web-fonts/flag-icon-css/flags/4x3/cd.svg]
[laravel.spruko.com/spruha/ltr/assets/plugins/web-fonts/flag-icon-css/flags/1x1/cd.svg]
[laravel.spruko.com/spruha/ltr/assets/plugins/web-fonts/flag-icon-css/flags/4x3/cf.svg]
[laravel.spruko.com/spruha/ltr/assets/plugins/web-fonts/flag-icon-css/flags/1x1/cf.svg]
[laravel.spruko.com/spruha/ltr/assets/plugins/web-fonts/flag-icon-css/flags/4x3/cg.svg]
[laravel.spruko.com/spruha/ltr/assets/plugins/web-fonts/flag-icon-css/flags/1x1/cg.svg]
[laravel.spruko.com/spruha/ltr/assets/plugins/web-fonts/flag-icon-css/flags/4x3/ch.svg]
[laravel.spruko.com/spruha/ltr/assets/plugins/web-fonts/flag-icon-css/flags/1x1/ch.svg]
[laravel.spruko.com/spruha/ltr/assets/plugins/web-fonts/flag-icon-css/flags/4x3/ci.svg]
[laravel.spruko.com/spruha/ltr/assets/plugins/web-fonts/flag-icon-css/flags/1x1/ci.svg]
[laravel.spruko.com/spruha/ltr/assets/plugins/web-fonts/flag-icon-css/flags/4x3/ck.svg]
[laravel.spruko.com/spruha/ltr/assets/plugins/web-fonts/flag-icon-css/flags/1x1/ck.svg]
[laravel.spruko.com/spruha/ltr/assets/plugins/web-fonts/flag-icon-css/flags/4x3/cl.svg]
[laravel.spruko.com/spruha/ltr/assets/plugins/web-fonts/flag-icon-css/flags/1x1/cl.svg]
[laravel.spruko.com/spruha/ltr/assets/plugins/web-fonts/flag-icon-css/flags/4x3/cm.svg]
[laravel.spruko.com/spruha/ltr/assets/plugins/web-fonts/flag-icon-css/flags/1x1/cm.svg]
[laravel.spruko.com/spruha/ltr/assets/plugins/web-fonts/flag-icon-css/flags/4x3/cn.svg]
[laravel.spruko.com/spruha/ltr/assets/plugins/web-fonts/flag-icon-css/flags/1x1/cn.svg]
[laravel.spruko.com/spruha/ltr/assets/plugins/web-fonts/flag-icon-css/flags/4x3/co.svg]
[laravel.spruko.com/spruha/ltr/assets/plugins/web-fonts/flag-icon-css/flags/1x1/co.svg]
[laravel.spruko.com/spruha/ltr/assets/plugins/web-fonts/flag-icon-css/flags/4x3/cr.svg]
[laravel.spruko.com/spruha/ltr/assets/plugins/web-fonts/flag-icon-css/flags/1x1/cr.svg]
[laravel.spruko.com/spruha/ltr/assets/plugins/web-fonts/flag-icon-css/flags/4x3/cu.svg]
[laravel.spruko.com/spruha/ltr/assets/plugins/web-fonts/flag-icon-css/flags/1x1/cu.svg]
[laravel.spruko.com/spruha/ltr/assets/plugins/web-fonts/flag-icon-css/flags/4x3/cv.svg]
[laravel.spruko.com/spruha/ltr/assets/plugins/web-fonts/flag-icon-css/flags/1x1/cv.svg]
[laravel.spruko.com/spruha/ltr/assets/plugins/web-fonts/flag-icon-css/flags/4x3/cw.svg]
[laravel.spruko.com/spruha/ltr/assets/plugins/web-fonts/flag-icon-css/flags/1x1/cw.svg]
[laravel.spruko.com/spruha/ltr/assets/plugins/web-fonts/flag-icon-css/flags/4x3/cx.svg]
[laravel.spruko.com/spruha/ltr/assets/plugins/web-fonts/flag-icon-css/flags/1x1/cx.svg]
[laravel.spruko.com/spruha/ltr/assets/plugins/web-fonts/flag-icon-css/flags/4x3/cy.svg]
[laravel.spruko.com/spruha/ltr/assets/plugins/web-fonts/flag-icon-css/flags/1x1/cy.svg]
[laravel.spruko.com/spruha/ltr/assets/plugins/web-fonts/flag-icon-css/flags/4x3/cz.svg]
[laravel.spruko.com/spruha/ltr/assets/plugins/web-fonts/flag-icon-css/flags/1x1/cz.svg]
[laravel.spruko.com/spruha/ltr/assets/plugins/web-fonts/flag-icon-css/flags/4x3/de.svg]
[laravel.spruko.com/spruha/ltr/assets/plugins/web-fonts/flag-icon-css/flags/1x1/de.svg]
[laravel.spruko.com/spruha/ltr/assets/plugins/web-fonts/flag-icon-css/flags/4x3/dj.svg]
[laravel.spruko.com/spruha/ltr/assets/plugins/web-fonts/flag-icon-css/flags/1x1/dj.svg]
[laravel.spruko.com/spruha/ltr/assets/plugins/web-fonts/flag-icon-css/flags/4x3/dk.svg]
[laravel.spruko.com/spruha/ltr/assets/plugins/web-fonts/flag-icon-css/flags/1x1/dk.svg]
[laravel.spruko.com/spruha/ltr/assets/plugins/web-fonts/flag-icon-css/flags/4x3/dm.svg]
[laravel.spruko.com/spruha/ltr/assets/plugins/web-fonts/flag-icon-css/flags/1x1/dm.svg]
[laravel.spruko.com/spruha/ltr/assets/plugins/web-fonts/flag-icon-css/flags/4x3/do.svg]
[laravel.spruko.com/spruha/ltr/assets/plugins/web-fonts/flag-icon-css/flags/1x1/do.svg]
[laravel.spruko.com/spruha/ltr/assets/plugins/web-fonts/flag-icon-css/flags/4x3/dz.svg]
[laravel.spruko.com/spruha/ltr/assets/plugins/web-fonts/flag-icon-css/flags/1x1/dz.svg]
[laravel.spruko.com/spruha/ltr/assets/plugins/web-fonts/flag-icon-css/flags/4x3/ec.svg]
[laravel.spruko.com/spruha/ltr/assets/plugins/web-fonts/flag-icon-css/flags/1x1/ec.svg]
[laravel.spruko.com/spruha/ltr/assets/plugins/web-fonts/flag-icon-css/flags/4x3/ee.svg]
[laravel.spruko.com/spruha/ltr/assets/plugins/web-fonts/flag-icon-css/flags/1x1/ee.svg]
[laravel.spruko.com/spruha/ltr/assets/plugins/web-fonts/flag-icon-css/flags/4x3/eg.svg]
[laravel.spruko.com/spruha/ltr/assets/plugins/web-fonts/flag-icon-css/flags/1x1/eg.svg]
[laravel.spruko.com/spruha/ltr/assets/plugins/web-fonts/flag-icon-css/flags/4x3/eh.svg]
[laravel.spruko.com/spruha/ltr/assets/plugins/web-fonts/flag-icon-css/flags/1x1/eh.svg]
[laravel.spruko.com/spruha/ltr/assets/plugins/web-fonts/flag-icon-css/flags/4x3/er.svg]
[laravel.spruko.com/spruha/ltr/assets/plugins/web-fonts/flag-icon-css/flags/1x1/er.svg]
[laravel.spruko.com/spruha/ltr/assets/plugins/web-fonts/flag-icon-css/flags/4x3/es.svg]
[laravel.spruko.com/spruha/ltr/assets/plugins/web-fonts/flag-icon-css/flags/1x1/es.svg]
[laravel.spruko.com/spruha/ltr/assets/plugins/web-fonts/flag-icon-css/flags/4x3/et.svg]
[laravel.spruko.com/spruha/ltr/assets/plugins/web-fonts/flag-icon-css/flags/1x1/et.svg]
[laravel.spruko.com/spruha/ltr/assets/plugins/web-fonts/flag-icon-css/flags/4x3/fi.svg]
[laravel.spruko.com/spruha/ltr/assets/plugins/web-fonts/flag-icon-css/flags/1x1/fi.svg]
[laravel.spruko.com/spruha/ltr/assets/plugins/web-fonts/flag-icon-css/flags/4x3/fj.svg]
[laravel.spruko.com/spruha/ltr/assets/plugins/web-fonts/flag-icon-css/flags/1x1/fj.svg]
[laravel.spruko.com/spruha/ltr/assets/plugins/web-fonts/flag-icon-css/flags/4x3/fk.svg]
[laravel.spruko.com/spruha/ltr/assets/plugins/web-fonts/flag-icon-css/flags/1x1/fk.svg]
[laravel.spruko.com/spruha/ltr/assets/plugins/web-fonts/flag-icon-css/flags/4x3/fm.svg]
[laravel.spruko.com/spruha/ltr/assets/plugins/web-fonts/flag-icon-css/flags/1x1/fm.svg]
[laravel.spruko.com/spruha/ltr/assets/plugins/web-fonts/flag-icon-css/flags/4x3/fo.svg]
[laravel.spruko.com/spruha/ltr/assets/plugins/web-fonts/flag-icon-css/flags/1x1/fo.svg]
[laravel.spruko.com/spruha/ltr/assets/plugins/web-fonts/flag-icon-css/flags/4x3/fr.svg]
[laravel.spruko.com/spruha/ltr/assets/plugins/web-fonts/flag-icon-css/flags/1x1/fr.svg]
[laravel.spruko.com/spruha/ltr/assets/plugins/web-fonts/flag-icon-css/flags/4x3/ga.svg]
[laravel.spruko.com/spruha/ltr/assets/plugins/web-fonts/flag-icon-css/flags/1x1/ga.svg]
[laravel.spruko.com/spruha/ltr/assets/plugins/web-fonts/flag-icon-css/flags/4x3/gb.svg]
[laravel.spruko.com/spruha/ltr/assets/plugins/web-fonts/flag-icon-css/flags/1x1/gb.svg]
[laravel.spruko.com/spruha/ltr/assets/plugins/web-fonts/flag-icon-css/flags/4x3/gd.svg]
[laravel.spruko.com/spruha/ltr/assets/plugins/web-fonts/flag-icon-css/flags/1x1/gd.svg]
[laravel.spruko.com/spruha/ltr/assets/plugins/web-fonts/flag-icon-css/flags/4x3/ge.svg]
[laravel.spruko.com/spruha/ltr/assets/plugins/web-fonts/flag-icon-css/flags/1x1/ge.svg]
[laravel.spruko.com/spruha/ltr/assets/plugins/web-fonts/flag-icon-css/flags/4x3/gf.svg]
[laravel.spruko.com/spruha/ltr/assets/plugins/web-fonts/flag-icon-css/flags/1x1/gf.svg]
[laravel.spruko.com/spruha/ltr/assets/plugins/web-fonts/flag-icon-css/flags/4x3/gg.svg]
[laravel.spruko.com/spruha/ltr/assets/plugins/web-fonts/flag-icon-css/flags/1x1/gg.svg]
[laravel.spruko.com/spruha/ltr/assets/plugins/web-fonts/flag-icon-css/flags/4x3/gh.svg]
[laravel.spruko.com/spruha/ltr/assets/plugins/web-fonts/flag-icon-css/flags/1x1/gh.svg]
[laravel.spruko.com/spruha/ltr/assets/plugins/web-fonts/flag-icon-css/flags/4x3/gi.svg]
[laravel.spruko.com/spruha/ltr/assets/plugins/web-fonts/flag-icon-css/flags/1x1/gi.svg]
[laravel.spruko.com/spruha/ltr/assets/plugins/web-fonts/flag-icon-css/flags/4x3/gl.svg]
[laravel.spruko.com/spruha/ltr/assets/plugins/web-fonts/flag-icon-css/flags/1x1/gl.svg]
[laravel.spruko.com/spruha/ltr/assets/plugins/web-fonts/flag-icon-css/flags/4x3/gm.svg]
[laravel.spruko.com/spruha/ltr/assets/plugins/web-fonts/flag-icon-css/flags/1x1/gm.svg]
[laravel.spruko.com/spruha/ltr/assets/plugins/web-fonts/flag-icon-css/flags/4x3/gn.svg]
[laravel.spruko.com/spruha/ltr/assets/plugins/web-fonts/flag-icon-css/flags/1x1/gn.svg]
[laravel.spruko.com/spruha/ltr/assets/plugins/web-fonts/flag-icon-css/flags/4x3/gp.svg]
[laravel.spruko.com/spruha/ltr/assets/plugins/web-fonts/flag-icon-css/flags/1x1/gp.svg]
[laravel.spruko.com/spruha/ltr/assets/plugins/web-fonts/flag-icon-css/flags/4x3/gq.svg]
[laravel.spruko.com/spruha/ltr/assets/plugins/web-fonts/flag-icon-css/flags/1x1/gq.svg]
[laravel.spruko.com/spruha/ltr/assets/plugins/web-fonts/flag-icon-css/flags/4x3/gr.svg]
[laravel.spruko.com/spruha/ltr/assets/plugins/web-fonts/flag-icon-css/flags/1x1/gr.svg]
[laravel.spruko.com/spruha/ltr/assets/plugins/web-fonts/flag-icon-css/flags/4x3/gs.svg]
[laravel.spruko.com/spruha/ltr/assets/plugins/web-fonts/flag-icon-css/flags/1x1/gs.svg]
[laravel.spruko.com/spruha/ltr/assets/plugins/web-fonts/flag-icon-css/flags/4x3/gt.svg]
[laravel.spruko.com/spruha/ltr/assets/plugins/web-fonts/flag-icon-css/flags/1x1/gt.svg]
[laravel.spruko.com/spruha/ltr/assets/plugins/web-fonts/flag-icon-css/flags/4x3/gu.svg]
[laravel.spruko.com/spruha/ltr/assets/plugins/web-fonts/flag-icon-css/flags/1x1/gu.svg]
[laravel.spruko.com/spruha/ltr/assets/plugins/web-fonts/flag-icon-css/flags/4x3/gw.svg]
[laravel.spruko.com/spruha/ltr/assets/plugins/web-fonts/flag-icon-css/flags/1x1/gw.svg]
[laravel.spruko.com/spruha/ltr/assets/plugins/web-fonts/flag-icon-css/flags/4x3/gy.svg]
[laravel.spruko.com/spruha/ltr/assets/plugins/web-fonts/flag-icon-css/flags/1x1/gy.svg]
[laravel.spruko.com/spruha/ltr/assets/plugins/web-fonts/flag-icon-css/flags/4x3/hk.svg]
[laravel.spruko.com/spruha/ltr/assets/plugins/web-fonts/flag-icon-css/flags/1x1/hk.svg]
[laravel.spruko.com/spruha/ltr/assets/plugins/web-fonts/flag-icon-css/flags/4x3/hm.svg]
[laravel.spruko.com/spruha/ltr/assets/plugins/web-fonts/flag-icon-css/flags/1x1/hm.svg]
[laravel.spruko.com/spruha/ltr/assets/plugins/web-fonts/flag-icon-css/flags/4x3/hn.svg]
[laravel.spruko.com/spruha/ltr/assets/plugins/web-fonts/flag-icon-css/flags/1x1/hn.svg]
[laravel.spruko.com/spruha/ltr/assets/plugins/web-fonts/flag-icon-css/flags/4x3/hr.svg]
[laravel.spruko.com/spruha/ltr/assets/plugins/web-fonts/flag-icon-css/flags/1x1/hr.svg]
[laravel.spruko.com/spruha/ltr/assets/plugins/web-fonts/flag-icon-css/flags/4x3/ht.svg]
[laravel.spruko.com/spruha/ltr/assets/plugins/web-fonts/flag-icon-css/flags/1x1/ht.svg]
[laravel.spruko.com/spruha/ltr/assets/plugins/web-fonts/flag-icon-css/flags/4x3/hu.svg]
[laravel.spruko.com/spruha/ltr/assets/plugins/web-fonts/flag-icon-css/flags/1x1/hu.svg]
[laravel.spruko.com/spruha/ltr/assets/plugins/web-fonts/flag-icon-css/flags/4x3/id.svg]
[laravel.spruko.com/spruha/ltr/assets/plugins/web-fonts/flag-icon-css/flags/1x1/id.svg]
[laravel.spruko.com/spruha/ltr/assets/plugins/web-fonts/flag-icon-css/flags/4x3/ie.svg]
[laravel.spruko.com/spruha/ltr/assets/plugins/web-fonts/flag-icon-css/flags/1x1/ie.svg]
[laravel.spruko.com/spruha/ltr/assets/plugins/web-fonts/flag-icon-css/flags/4x3/il.svg]
[laravel.spruko.com/spruha/ltr/assets/plugins/web-fonts/flag-icon-css/flags/1x1/il.svg]
[laravel.spruko.com/spruha/ltr/assets/plugins/web-fonts/flag-icon-css/flags/4x3/im.svg]
[laravel.spruko.com/spruha/ltr/assets/plugins/web-fonts/flag-icon-css/flags/1x1/im.svg]
[laravel.spruko.com/spruha/ltr/assets/plugins/web-fonts/flag-icon-css/flags/4x3/in.svg]
[laravel.spruko.com/spruha/ltr/assets/plugins/web-fonts/flag-icon-css/flags/1x1/in.svg]
[laravel.spruko.com/spruha/ltr/assets/plugins/web-fonts/flag-icon-css/flags/4x3/io.svg]
[laravel.spruko.com/spruha/ltr/assets/plugins/web-fonts/flag-icon-css/flags/1x1/io.svg]
[laravel.spruko.com/spruha/ltr/assets/plugins/web-fonts/flag-icon-css/flags/4x3/iq.svg]
[laravel.spruko.com/spruha/ltr/assets/plugins/web-fonts/flag-icon-css/flags/1x1/iq.svg]
[laravel.spruko.com/spruha/ltr/assets/plugins/web-fonts/flag-icon-css/flags/4x3/ir.svg]
[laravel.spruko.com/spruha/ltr/assets/plugins/web-fonts/flag-icon-css/flags/1x1/ir.svg]
[laravel.spruko.com/spruha/ltr/assets/plugins/web-fonts/flag-icon-css/flags/4x3/is.svg]
[laravel.spruko.com/spruha/ltr/assets/plugins/web-fonts/flag-icon-css/flags/1x1/is.svg]
[laravel.spruko.com/spruha/ltr/assets/plugins/web-fonts/flag-icon-css/flags/4x3/it.svg]
[laravel.spruko.com/spruha/ltr/assets/plugins/web-fonts/flag-icon-css/flags/1x1/it.svg]
[laravel.spruko.com/spruha/ltr/assets/plugins/web-fonts/flag-icon-css/flags/4x3/je.svg]
[laravel.spruko.com/spruha/ltr/assets/plugins/web-fonts/flag-icon-css/flags/1x1/je.svg]
[laravel.spruko.com/spruha/ltr/assets/plugins/web-fonts/flag-icon-css/flags/4x3/jm.svg]
[laravel.spruko.com/spruha/ltr/assets/plugins/web-fonts/flag-icon-css/flags/1x1/jm.svg]
[laravel.spruko.com/spruha/ltr/assets/plugins/web-fonts/flag-icon-css/flags/4x3/jo.svg]
[laravel.spruko.com/spruha/ltr/assets/plugins/web-fonts/flag-icon-css/flags/1x1/jo.svg]
[laravel.spruko.com/spruha/ltr/assets/plugins/web-fonts/flag-icon-css/flags/4x3/jp.svg]
[laravel.spruko.com/spruha/ltr/assets/plugins/web-fonts/flag-icon-css/flags/1x1/jp.svg]
[laravel.spruko.com/spruha/ltr/assets/plugins/web-fonts/flag-icon-css/flags/4x3/ke.svg]
[laravel.spruko.com/spruha/ltr/assets/plugins/web-fonts/flag-icon-css/flags/1x1/ke.svg]
[laravel.spruko.com/spruha/ltr/assets/plugins/web-fonts/flag-icon-css/flags/4x3/kg.svg]
[laravel.spruko.com/spruha/ltr/assets/plugins/web-fonts/flag-icon-css/flags/1x1/kg.svg]
[laravel.spruko.com/spruha/ltr/assets/plugins/web-fonts/flag-icon-css/flags/4x3/kh.svg]
[laravel.spruko.com/spruha/ltr/assets/plugins/web-fonts/flag-icon-css/flags/1x1/kh.svg]
[laravel.spruko.com/spruha/ltr/assets/plugins/web-fonts/flag-icon-css/flags/4x3/ki.svg]
[laravel.spruko.com/spruha/ltr/assets/plugins/web-fonts/flag-icon-css/flags/1x1/ki.svg]
[laravel.spruko.com/spruha/ltr/assets/plugins/web-fonts/flag-icon-css/flags/4x3/km.svg]
[laravel.spruko.com/spruha/ltr/assets/plugins/web-fonts/flag-icon-css/flags/1x1/km.svg]
[laravel.spruko.com/spruha/ltr/assets/plugins/web-fonts/flag-icon-css/flags/4x3/kn.svg]
[laravel.spruko.com/spruha/ltr/assets/plugins/web-fonts/flag-icon-css/flags/1x1/kn.svg]
[laravel.spruko.com/spruha/ltr/assets/plugins/web-fonts/flag-icon-css/flags/4x3/kp.svg]
[laravel.spruko.com/spruha/ltr/assets/plugins/web-fonts/flag-icon-css/flags/1x1/kp.svg]
[laravel.spruko.com/spruha/ltr/assets/plugins/web-fonts/flag-icon-css/flags/4x3/kr.svg]
[laravel.spruko.com/spruha/ltr/assets/plugins/web-fonts/flag-icon-css/flags/1x1/kr.svg]
[laravel.spruko.com/spruha/ltr/assets/plugins/web-fonts/flag-icon-css/flags/4x3/kw.svg]
[laravel.spruko.com/spruha/ltr/assets/plugins/web-fonts/flag-icon-css/flags/1x1/kw.svg]
[laravel.spruko.com/spruha/ltr/assets/plugins/web-fonts/flag-icon-css/flags/4x3/ky.svg]
[laravel.spruko.com/spruha/ltr/assets/plugins/web-fonts/flag-icon-css/flags/1x1/ky.svg]
[laravel.spruko.com/spruha/ltr/assets/plugins/web-fonts/flag-icon-css/flags/4x3/kz.svg]
[laravel.spruko.com/spruha/ltr/assets/plugins/web-fonts/flag-icon-css/flags/1x1/kz.svg]
[laravel.spruko.com/spruha/ltr/assets/plugins/web-fonts/flag-icon-css/flags/4x3/la.svg]
[laravel.spruko.com/spruha/ltr/assets/plugins/web-fonts/flag-icon-css/flags/1x1/la.svg]
[laravel.spruko.com/spruha/ltr/assets/plugins/web-fonts/flag-icon-css/flags/4x3/lb.svg]
[laravel.spruko.com/spruha/ltr/assets/plugins/web-fonts/flag-icon-css/flags/1x1/lb.svg]
[laravel.spruko.com/spruha/ltr/assets/plugins/web-fonts/flag-icon-css/flags/4x3/lc.svg]
[laravel.spruko.com/spruha/ltr/assets/plugins/web-fonts/flag-icon-css/flags/1x1/lc.svg]
[laravel.spruko.com/spruha/ltr/assets/plugins/web-fonts/flag-icon-css/flags/4x3/li.svg]
[laravel.spruko.com/spruha/ltr/assets/plugins/web-fonts/flag-icon-css/flags/1x1/li.svg]
[laravel.spruko.com/spruha/ltr/assets/plugins/web-fonts/flag-icon-css/flags/4x3/lk.svg]
[laravel.spruko.com/spruha/ltr/assets/plugins/web-fonts/flag-icon-css/flags/1x1/lk.svg]
[laravel.spruko.com/spruha/ltr/assets/plugins/web-fonts/flag-icon-css/flags/4x3/lr.svg]
[laravel.spruko.com/spruha/ltr/assets/plugins/web-fonts/flag-icon-css/flags/1x1/lr.svg]
[laravel.spruko.com/spruha/ltr/assets/plugins/web-fonts/flag-icon-css/flags/4x3/ls.svg]
[laravel.spruko.com/spruha/ltr/assets/plugins/web-fonts/flag-icon-css/flags/1x1/ls.svg]
[laravel.spruko.com/spruha/ltr/assets/plugins/web-fonts/flag-icon-css/flags/4x3/lt.svg]
[laravel.spruko.com/spruha/ltr/assets/plugins/web-fonts/flag-icon-css/flags/1x1/lt.svg]
[laravel.spruko.com/spruha/ltr/assets/plugins/web-fonts/flag-icon-css/flags/4x3/lu.svg]
[laravel.spruko.com/spruha/ltr/assets/plugins/web-fonts/flag-icon-css/flags/1x1/lu.svg]
[laravel.spruko.com/spruha/ltr/assets/plugins/web-fonts/flag-icon-css/flags/4x3/lv.svg]
[laravel.spruko.com/spruha/ltr/assets/plugins/web-fonts/flag-icon-css/flags/1x1/lv.svg]
[laravel.spruko.com/spruha/ltr/assets/plugins/web-fonts/flag-icon-css/flags/4x3/ly.svg]
[laravel.spruko.com/spruha/ltr/assets/plugins/web-fonts/flag-icon-css/flags/1x1/ly.svg]
[laravel.spruko.com/spruha/ltr/assets/plugins/web-fonts/flag-icon-css/flags/4x3/ma.svg]
[laravel.spruko.com/spruha/ltr/assets/plugins/web-fonts/flag-icon-css/flags/1x1/ma.svg]
[laravel.spruko.com/spruha/ltr/assets/plugins/web-fonts/flag-icon-css/flags/4x3/mc.svg]
[laravel.spruko.com/spruha/ltr/assets/plugins/web-fonts/flag-icon-css/flags/1x1/mc.svg]
[laravel.spruko.com/spruha/ltr/assets/plugins/web-fonts/flag-icon-css/flags/4x3/md.svg]
[laravel.spruko.com/spruha/ltr/assets/plugins/web-fonts/flag-icon-css/flags/1x1/md.svg]
[laravel.spruko.com/spruha/ltr/assets/plugins/web-fonts/flag-icon-css/flags/4x3/me.svg]
[laravel.spruko.com/spruha/ltr/assets/plugins/web-fonts/flag-icon-css/flags/1x1/me.svg]
[laravel.spruko.com/spruha/ltr/assets/plugins/web-fonts/flag-icon-css/flags/4x3/mf.svg]
[laravel.spruko.com/spruha/ltr/assets/plugins/web-fonts/flag-icon-css/flags/1x1/mf.svg]
[laravel.spruko.com/spruha/ltr/assets/plugins/web-fonts/flag-icon-css/flags/4x3/mg.svg]
[laravel.spruko.com/spruha/ltr/assets/plugins/web-fonts/flag-icon-css/flags/1x1/mg.svg]
[laravel.spruko.com/spruha/ltr/assets/plugins/web-fonts/flag-icon-css/flags/4x3/mh.svg]
[laravel.spruko.com/spruha/ltr/assets/plugins/web-fonts/flag-icon-css/flags/1x1/mh.svg]
[laravel.spruko.com/spruha/ltr/assets/plugins/web-fonts/flag-icon-css/flags/4x3/mk.svg]
[laravel.spruko.com/spruha/ltr/assets/plugins/web-fonts/flag-icon-css/flags/1x1/mk.svg]
[laravel.spruko.com/spruha/ltr/assets/plugins/web-fonts/flag-icon-css/flags/4x3/ml.svg]
[laravel.spruko.com/spruha/ltr/assets/plugins/web-fonts/flag-icon-css/flags/1x1/ml.svg]
[laravel.spruko.com/spruha/ltr/assets/plugins/web-fonts/flag-icon-css/flags/4x3/mm.svg]
[laravel.spruko.com/spruha/ltr/assets/plugins/web-fonts/flag-icon-css/flags/1x1/mm.svg]
[laravel.spruko.com/spruha/ltr/assets/plugins/web-fonts/flag-icon-css/flags/4x3/mn.svg]
[laravel.spruko.com/spruha/ltr/assets/plugins/web-fonts/flag-icon-css/flags/1x1/mn.svg]
[laravel.spruko.com/spruha/ltr/assets/plugins/web-fonts/flag-icon-css/flags/4x3/mo.svg]
[laravel.spruko.com/spruha/ltr/assets/plugins/web-fonts/flag-icon-css/flags/1x1/mo.svg]
[laravel.spruko.com/spruha/ltr/assets/plugins/web-fonts/flag-icon-css/flags/4x3/mp.svg]
[laravel.spruko.com/spruha/ltr/assets/plugins/web-fonts/flag-icon-css/flags/1x1/mp.svg]
[laravel.spruko.com/spruha/ltr/assets/plugins/web-fonts/flag-icon-css/flags/4x3/mq.svg]
[laravel.spruko.com/spruha/ltr/assets/plugins/web-fonts/flag-icon-css/flags/1x1/mq.svg]
[laravel.spruko.com/spruha/ltr/assets/plugins/web-fonts/flag-icon-css/flags/4x3/mr.svg]
[laravel.spruko.com/spruha/ltr/assets/plugins/web-fonts/flag-icon-css/flags/1x1/mr.svg]
[laravel.spruko.com/spruha/ltr/assets/plugins/web-fonts/flag-icon-css/flags/4x3/ms.svg]
[laravel.spruko.com/spruha/ltr/assets/plugins/web-fonts/flag-icon-css/flags/1x1/ms.svg]
[laravel.spruko.com/spruha/ltr/assets/plugins/web-fonts/flag-icon-css/flags/4x3/mt.svg]
[laravel.spruko.com/spruha/ltr/assets/plugins/web-fonts/flag-icon-css/flags/1x1/mt.svg]
[laravel.spruko.com/spruha/ltr/assets/plugins/web-fonts/flag-icon-css/flags/4x3/mu.svg]
[laravel.spruko.com/spruha/ltr/assets/plugins/web-fonts/flag-icon-css/flags/1x1/mu.svg]
[laravel.spruko.com/spruha/ltr/assets/plugins/web-fonts/flag-icon-css/flags/4x3/mv.svg]
[laravel.spruko.com/spruha/ltr/assets/plugins/web-fonts/flag-icon-css/flags/1x1/mv.svg]
[laravel.spruko.com/spruha/ltr/assets/plugins/web-fonts/flag-icon-css/flags/4x3/mw.svg]
[laravel.spruko.com/spruha/ltr/assets/plugins/web-fonts/flag-icon-css/flags/1x1/mw.svg]
[laravel.spruko.com/spruha/ltr/assets/plugins/web-fonts/flag-icon-css/flags/4x3/mx.svg]
[laravel.spruko.com/spruha/ltr/assets/plugins/web-fonts/flag-icon-css/flags/1x1/mx.svg]
[laravel.spruko.com/spruha/ltr/assets/plugins/web-fonts/flag-icon-css/flags/4x3/my.svg]
[laravel.spruko.com/spruha/ltr/assets/plugins/web-fonts/flag-icon-css/flags/1x1/my.svg]
[laravel.spruko.com/spruha/ltr/assets/plugins/web-fonts/flag-icon-css/flags/4x3/mz.svg]
[laravel.spruko.com/spruha/ltr/assets/plugins/web-fonts/flag-icon-css/flags/1x1/mz.svg]
[laravel.spruko.com/spruha/ltr/assets/plugins/web-fonts/flag-icon-css/flags/4x3/na.svg]
[laravel.spruko.com/spruha/ltr/assets/plugins/web-fonts/flag-icon-css/flags/1x1/na.svg]
[laravel.spruko.com/spruha/ltr/assets/plugins/web-fonts/flag-icon-css/flags/4x3/nc.svg]
[laravel.spruko.com/spruha/ltr/assets/plugins/web-fonts/flag-icon-css/flags/1x1/nc.svg]
[laravel.spruko.com/spruha/ltr/assets/plugins/web-fonts/flag-icon-css/flags/4x3/ne.svg]
[laravel.spruko.com/spruha/ltr/assets/plugins/web-fonts/flag-icon-css/flags/1x1/ne.svg]
[laravel.spruko.com/spruha/ltr/assets/plugins/web-fonts/flag-icon-css/flags/4x3/nf.svg]
[laravel.spruko.com/spruha/ltr/assets/plugins/web-fonts/flag-icon-css/flags/1x1/nf.svg]
[laravel.spruko.com/spruha/ltr/assets/plugins/web-fonts/flag-icon-css/flags/4x3/ng.svg]
[laravel.spruko.com/spruha/ltr/assets/plugins/web-fonts/flag-icon-css/flags/1x1/ng.svg]
[laravel.spruko.com/spruha/ltr/assets/plugins/web-fonts/flag-icon-css/flags/4x3/ni.svg]
[laravel.spruko.com/spruha/ltr/assets/plugins/web-fonts/flag-icon-css/flags/1x1/ni.svg]
[laravel.spruko.com/spruha/ltr/assets/plugins/web-fonts/flag-icon-css/flags/4x3/nl.svg]
[laravel.spruko.com/spruha/ltr/assets/plugins/web-fonts/flag-icon-css/flags/1x1/nl.svg]
[laravel.spruko.com/spruha/ltr/assets/plugins/web-fonts/flag-icon-css/flags/4x3/no.svg]
[laravel.spruko.com/spruha/ltr/assets/plugins/web-fonts/flag-icon-css/flags/1x1/no.svg]
[laravel.spruko.com/spruha/ltr/assets/plugins/web-fonts/flag-icon-css/flags/4x3/np.svg]
[laravel.spruko.com/spruha/ltr/assets/plugins/web-fonts/flag-icon-css/flags/1x1/np.svg]
[laravel.spruko.com/spruha/ltr/assets/plugins/web-fonts/flag-icon-css/flags/4x3/nr.svg]
[laravel.spruko.com/spruha/ltr/assets/plugins/web-fonts/flag-icon-css/flags/1x1/nr.svg]
[laravel.spruko.com/spruha/ltr/assets/plugins/web-fonts/flag-icon-css/flags/4x3/nu.svg]
[laravel.spruko.com/spruha/ltr/assets/plugins/web-fonts/flag-icon-css/flags/1x1/nu.svg]
[laravel.spruko.com/spruha/ltr/assets/plugins/web-fonts/flag-icon-css/flags/4x3/nz.svg]
[laravel.spruko.com/spruha/ltr/assets/plugins/web-fonts/flag-icon-css/flags/1x1/nz.svg]
[laravel.spruko.com/spruha/ltr/assets/plugins/web-fonts/flag-icon-css/flags/4x3/om.svg]
[laravel.spruko.com/spruha/ltr/assets/plugins/web-fonts/flag-icon-css/flags/1x1/om.svg]
[laravel.spruko.com/spruha/ltr/assets/plugins/web-fonts/flag-icon-css/flags/4x3/pa.svg]
[laravel.spruko.com/spruha/ltr/assets/plugins/web-fonts/flag-icon-css/flags/1x1/pa.svg]
[laravel.spruko.com/spruha/ltr/assets/plugins/web-fonts/flag-icon-css/flags/4x3/pe.svg]
[laravel.spruko.com/spruha/ltr/assets/plugins/web-fonts/flag-icon-css/flags/1x1/pe.svg]
[laravel.spruko.com/spruha/ltr/assets/plugins/web-fonts/flag-icon-css/flags/4x3/pf.svg]
[laravel.spruko.com/spruha/ltr/assets/plugins/web-fonts/flag-icon-css/flags/1x1/pf.svg]
[laravel.spruko.com/spruha/ltr/assets/plugins/web-fonts/flag-icon-css/flags/4x3/pg.svg]
[laravel.spruko.com/spruha/ltr/assets/plugins/web-fonts/flag-icon-css/flags/1x1/pg.svg]
[laravel.spruko.com/spruha/ltr/assets/plugins/web-fonts/flag-icon-css/flags/4x3/ph.svg]
[laravel.spruko.com/spruha/ltr/assets/plugins/web-fonts/flag-icon-css/flags/1x1/ph.svg]
[laravel.spruko.com/spruha/ltr/assets/plugins/web-fonts/flag-icon-css/flags/4x3/pk.svg]
[laravel.spruko.com/spruha/ltr/assets/plugins/web-fonts/flag-icon-css/flags/1x1/pk.svg]
[laravel.spruko.com/spruha/ltr/assets/plugins/web-fonts/flag-icon-css/flags/4x3/pl.svg]
[laravel.spruko.com/spruha/ltr/assets/plugins/web-fonts/flag-icon-css/flags/1x1/pl.svg]
[laravel.spruko.com/spruha/ltr/assets/plugins/web-fonts/flag-icon-css/flags/4x3/pm.svg]
[laravel.spruko.com/spruha/ltr/assets/plugins/web-fonts/flag-icon-css/flags/1x1/pm.svg]
[laravel.spruko.com/spruha/ltr/assets/plugins/web-fonts/flag-icon-css/flags/4x3/pn.svg]
[laravel.spruko.com/spruha/ltr/assets/plugins/web-fonts/flag-icon-css/flags/1x1/pn.svg]
[laravel.spruko.com/spruha/ltr/assets/plugins/web-fonts/flag-icon-css/flags/4x3/pr.svg]
[laravel.spruko.com/spruha/ltr/assets/plugins/web-fonts/flag-icon-css/flags/1x1/pr.svg]
[laravel.spruko.com/spruha/ltr/assets/plugins/web-fonts/flag-icon-css/flags/4x3/ps.svg]
[laravel.spruko.com/spruha/ltr/assets/plugins/web-fonts/flag-icon-css/flags/1x1/ps.svg]
[laravel.spruko.com/spruha/ltr/assets/plugins/web-fonts/flag-icon-css/flags/4x3/pt.svg]
[laravel.spruko.com/spruha/ltr/assets/plugins/web-fonts/flag-icon-css/flags/1x1/pt.svg]
[laravel.spruko.com/spruha/ltr/assets/plugins/web-fonts/flag-icon-css/flags/4x3/pw.svg]
[laravel.spruko.com/spruha/ltr/assets/plugins/web-fonts/flag-icon-css/flags/1x1/pw.svg]
[laravel.spruko.com/spruha/ltr/assets/plugins/web-fonts/flag-icon-css/flags/4x3/py.svg]
[laravel.spruko.com/spruha/ltr/assets/plugins/web-fonts/flag-icon-css/flags/1x1/py.svg]
[laravel.spruko.com/spruha/ltr/assets/plugins/web-fonts/flag-icon-css/flags/4x3/qa.svg]
[laravel.spruko.com/spruha/ltr/assets/plugins/web-fonts/flag-icon-css/flags/1x1/qa.svg]
[laravel.spruko.com/spruha/ltr/assets/plugins/web-fonts/flag-icon-css/flags/4x3/re.svg]
[laravel.spruko.com/spruha/ltr/assets/plugins/web-fonts/flag-icon-css/flags/1x1/re.svg]
[laravel.spruko.com/spruha/ltr/assets/plugins/web-fonts/flag-icon-css/flags/4x3/ro.svg]
[laravel.spruko.com/spruha/ltr/assets/plugins/web-fonts/flag-icon-css/flags/1x1/ro.svg]
[laravel.spruko.com/spruha/ltr/assets/plugins/web-fonts/flag-icon-css/flags/4x3/ru.svg]
[laravel.spruko.com/spruha/ltr/assets/plugins/web-fonts/flag-icon-css/flags/1x1/ru.svg]
[laravel.spruko.com/spruha/ltr/assets/plugins/web-fonts/flag-icon-css/flags/4x3/rw.svg]
[laravel.spruko.com/spruha/ltr/assets/plugins/web-fonts/flag-icon-css/flags/1x1/rw.svg]
[laravel.spruko.com/spruha/ltr/assets/plugins/web-fonts/flag-icon-css/flags/4x3/sa.svg]
[laravel.spruko.com/spruha/ltr/assets/plugins/web-fonts/flag-icon-css/flags/4x3/sb.svg]
[laravel.spruko.com/spruha/ltr/assets/plugins/web-fonts/flag-icon-css/flags/1x1/sb.svg]
[laravel.spruko.com/spruha/ltr/assets/plugins/web-fonts/flag-icon-css/flags/4x3/sc.svg]
[laravel.spruko.com/spruha/ltr/assets/plugins/web-fonts/flag-icon-css/flags/1x1/sc.svg]
[laravel.spruko.com/spruha/ltr/assets/plugins/web-fonts/flag-icon-css/flags/4x3/sd.svg]
[laravel.spruko.com/spruha/ltr/assets/plugins/web-fonts/flag-icon-css/flags/1x1/sd.svg]
[laravel.spruko.com/spruha/ltr/assets/plugins/web-fonts/flag-icon-css/flags/4x3/se.svg]
[laravel.spruko.com/spruha/ltr/assets/plugins/web-fonts/flag-icon-css/flags/1x1/se.svg]
[laravel.spruko.com/spruha/ltr/assets/plugins/web-fonts/flag-icon-css/flags/4x3/sg.svg]
[laravel.spruko.com/spruha/ltr/assets/plugins/web-fonts/flag-icon-css/flags/1x1/sg.svg]
[laravel.spruko.com/spruha/ltr/assets/plugins/web-fonts/flag-icon-css/flags/4x3/sh.svg]
[laravel.spruko.com/spruha/ltr/assets/plugins/web-fonts/flag-icon-css/flags/1x1/sh.svg]
[laravel.spruko.com/spruha/ltr/assets/plugins/web-fonts/flag-icon-css/flags/4x3/si.svg]
[laravel.spruko.com/spruha/ltr/assets/plugins/web-fonts/flag-icon-css/flags/1x1/si.svg]
[laravel.spruko.com/spruha/ltr/assets/plugins/web-fonts/flag-icon-css/flags/4x3/sj.svg]
[laravel.spruko.com/spruha/ltr/assets/plugins/web-fonts/flag-icon-css/flags/1x1/sj.svg]
[laravel.spruko.com/spruha/ltr/assets/plugins/web-fonts/flag-icon-css/flags/4x3/sk.svg]
[laravel.spruko.com/spruha/ltr/assets/plugins/web-fonts/flag-icon-css/flags/1x1/sk.svg]
[laravel.spruko.com/spruha/ltr/assets/plugins/web-fonts/flag-icon-css/flags/4x3/sl.svg]
[laravel.spruko.com/spruha/ltr/assets/plugins/web-fonts/flag-icon-css/flags/1x1/sl.svg]
[laravel.spruko.com/spruha/ltr/assets/plugins/web-fonts/flag-icon-css/flags/4x3/sm.svg]
[laravel.spruko.com/spruha/ltr/assets/plugins/web-fonts/flag-icon-css/flags/1x1/sm.svg]
[laravel.spruko.com/spruha/ltr/assets/plugins/web-fonts/flag-icon-css/flags/4x3/sn.svg]
[laravel.spruko.com/spruha/ltr/assets/plugins/web-fonts/flag-icon-css/flags/1x1/sn.svg]
[laravel.spruko.com/spruha/ltr/assets/plugins/web-fonts/flag-icon-css/flags/4x3/so.svg]
[laravel.spruko.com/spruha/ltr/assets/plugins/web-fonts/flag-icon-css/flags/1x1/so.svg]
[laravel.spruko.com/spruha/ltr/assets/plugins/web-fonts/flag-icon-css/flags/4x3/sr.svg]
[laravel.spruko.com/spruha/ltr/assets/plugins/web-fonts/flag-icon-css/flags/1x1/sr.svg]
[laravel.spruko.com/spruha/ltr/assets/plugins/web-fonts/flag-icon-css/flags/4x3/ss.svg]
[laravel.spruko.com/spruha/ltr/assets/plugins/web-fonts/flag-icon-css/flags/1x1/ss.svg]
[laravel.spruko.com/spruha/ltr/assets/plugins/web-fonts/flag-icon-css/flags/4x3/st.svg]
[laravel.spruko.com/spruha/ltr/assets/plugins/web-fonts/flag-icon-css/flags/1x1/st.svg]
[laravel.spruko.com/spruha/ltr/assets/plugins/web-fonts/flag-icon-css/flags/4x3/sx.svg]
[laravel.spruko.com/spruha/ltr/assets/plugins/web-fonts/flag-icon-css/flags/4x3/sy.svg]
[laravel.spruko.com/spruha/ltr/assets/plugins/web-fonts/flag-icon-css/flags/1x1/sy.svg]
[laravel.spruko.com/spruha/ltr/assets/plugins/web-fonts/flag-icon-css/flags/1x1/sz.svg]
[laravel.spruko.com/spruha/ltr/assets/plugins/web-fonts/flag-icon-css/flags/4x3/tc.svg]
[laravel.spruko.com/spruha/ltr/assets/plugins/web-fonts/flag-icon-css/flags/1x1/tc.svg]
[laravel.spruko.com/spruha/ltr/assets/plugins/web-fonts/flag-icon-css/flags/4x3/td.svg]
[laravel.spruko.com/spruha/ltr/assets/plugins/web-fonts/flag-icon-css/flags/1x1/td.svg]
[laravel.spruko.com/spruha/ltr/assets/plugins/web-fonts/flag-icon-css/flags/4x3/tf.svg]
[laravel.spruko.com/spruha/ltr/assets/plugins/web-fonts/flag-icon-css/flags/1x1/tf.svg]
[laravel.spruko.com/spruha/ltr/assets/plugins/web-fonts/flag-icon-css/flags/4x3/tg.svg]
[laravel.spruko.com/spruha/ltr/assets/plugins/web-fonts/flag-icon-css/flags/1x1/tg.svg]
[laravel.spruko.com/spruha/ltr/assets/plugins/web-fonts/flag-icon-css/flags/4x3/th.svg]
[laravel.spruko.com/spruha/ltr/assets/plugins/web-fonts/flag-icon-css/flags/1x1/th.svg]
[laravel.spruko.com/spruha/ltr/assets/plugins/web-fonts/flag-icon-css/flags/4x3/tj.svg]
[laravel.spruko.com/spruha/ltr/assets/plugins/web-fonts/flag-icon-css/flags/1x1/tj.svg]
[laravel.spruko.com/spruha/ltr/assets/plugins/web-fonts/flag-icon-css/flags/4x3/tk.svg]
[laravel.spruko.com/spruha/ltr/assets/plugins/web-fonts/flag-icon-css/flags/1x1/tk.svg]
[laravel.spruko.com/spruha/ltr/assets/plugins/web-fonts/flag-icon-css/flags/4x3/tl.svg]
[laravel.spruko.com/spruha/ltr/assets/plugins/web-fonts/flag-icon-css/flags/1x1/tl.svg]
[laravel.spruko.com/spruha/ltr/assets/plugins/web-fonts/flag-icon-css/flags/4x3/tm.svg]
[laravel.spruko.com/spruha/ltr/assets/plugins/web-fonts/flag-icon-css/flags/1x1/tm.svg]
[laravel.spruko.com/spruha/ltr/assets/plugins/web-fonts/flag-icon-css/flags/4x3/tn.svg]
[laravel.spruko.com/spruha/ltr/assets/plugins/web-fonts/flag-icon-css/flags/1x1/tn.svg]
[laravel.spruko.com/spruha/ltr/assets/plugins/web-fonts/flag-icon-css/flags/4x3/to.svg]
[laravel.spruko.com/spruha/ltr/assets/plugins/web-fonts/flag-icon-css/flags/1x1/to.svg]
[laravel.spruko.com/spruha/ltr/assets/plugins/web-fonts/flag-icon-css/flags/4x3/tr.svg]
[laravel.spruko.com/spruha/ltr/assets/plugins/web-fonts/flag-icon-css/flags/1x1/tr.svg]
[laravel.spruko.com/spruha/ltr/assets/plugins/web-fonts/flag-icon-css/flags/4x3/tt.svg]
[laravel.spruko.com/spruha/ltr/assets/plugins/web-fonts/flag-icon-css/flags/1x1/tt.svg]
[laravel.spruko.com/spruha/ltr/assets/plugins/web-fonts/flag-icon-css/flags/4x3/tv.svg]
[laravel.spruko.com/spruha/ltr/assets/plugins/web-fonts/flag-icon-css/flags/4x3/tw.svg]
[laravel.spruko.com/spruha/ltr/assets/plugins/web-fonts/flag-icon-css/flags/1x1/tw.svg]
[laravel.spruko.com/spruha/ltr/assets/plugins/web-fonts/flag-icon-css/flags/4x3/tz.svg]
[laravel.spruko.com/spruha/ltr/assets/plugins/web-fonts/flag-icon-css/flags/1x1/tz.svg]
[laravel.spruko.com/spruha/ltr/assets/plugins/web-fonts/flag-icon-css/flags/4x3/ua.svg]
[laravel.spruko.com/spruha/ltr/assets/plugins/web-fonts/flag-icon-css/flags/1x1/ua.svg]
[laravel.spruko.com/spruha/ltr/assets/plugins/web-fonts/flag-icon-css/flags/4x3/ug.svg]
[laravel.spruko.com/spruha/ltr/assets/plugins/web-fonts/flag-icon-css/flags/1x1/ug.svg]
[laravel.spruko.com/spruha/ltr/assets/plugins/web-fonts/flag-icon-css/flags/4x3/um.svg]
[laravel.spruko.com/spruha/ltr/assets/plugins/web-fonts/flag-icon-css/flags/1x1/um.svg]
[laravel.spruko.com/spruha/ltr/assets/plugins/web-fonts/flag-icon-css/flags/4x3/us.svg]
[laravel.spruko.com/spruha/ltr/assets/plugins/web-fonts/flag-icon-css/flags/1x1/us.svg]
[laravel.spruko.com/spruha/ltr/assets/plugins/web-fonts/flag-icon-css/flags/4x3/uy.svg]
[laravel.spruko.com/spruha/ltr/assets/plugins/web-fonts/flag-icon-css/flags/1x1/uy.svg]
[laravel.spruko.com/spruha/ltr/assets/plugins/web-fonts/flag-icon-css/flags/4x3/uz.svg]
[laravel.spruko.com/spruha/ltr/assets/plugins/web-fonts/flag-icon-css/flags/1x1/uz.svg]
[laravel.spruko.com/spruha/ltr/assets/plugins/web-fonts/flag-icon-css/flags/4x3/vc.svg]
[laravel.spruko.com/spruha/ltr/assets/plugins/web-fonts/flag-icon-css/flags/1x1/vc.svg]
[laravel.spruko.com/spruha/ltr/assets/plugins/web-fonts/flag-icon-css/flags/4x3/vn.svg]
[laravel.spruko.com/spruha/ltr/assets/plugins/web-fonts/flag-icon-css/flags/1x1/vn.svg]
[laravel.spruko.com/spruha/ltr/assets/plugins/web-fonts/flag-icon-css/flags/4x3/vu.svg]
[laravel.spruko.com/spruha/ltr/assets/plugins/web-fonts/flag-icon-css/flags/1x1/vu.svg]
[laravel.spruko.com/spruha/ltr/assets/plugins/web-fonts/flag-icon-css/flags/4x3/wf.svg]
[laravel.spruko.com/spruha/ltr/assets/plugins/web-fonts/flag-icon-css/flags/1x1/wf.svg]
[laravel.spruko.com/spruha/ltr/assets/plugins/web-fonts/flag-icon-css/flags/4x3/ws.svg]
[laravel.spruko.com/spruha/ltr/assets/plugins/web-fonts/flag-icon-css/flags/1x1/ws.svg]
[laravel.spruko.com/spruha/ltr/assets/plugins/web-fonts/flag-icon-css/flags/4x3/ye.svg]
[laravel.spruko.com/spruha/ltr/assets/plugins/web-fonts/flag-icon-css/flags/1x1/ye.svg]
[laravel.spruko.com/spruha/ltr/assets/plugins/web-fonts/flag-icon-css/flags/4x3/yt.svg]
[laravel.spruko.com/spruha/ltr/assets/plugins/web-fonts/flag-icon-css/flags/1x1/yt.svg]
[laravel.spruko.com/spruha/ltr/assets/plugins/web-fonts/flag-icon-css/flags/4x3/za.svg]
[laravel.spruko.com/spruha/ltr/assets/plugins/web-fonts/flag-icon-css/flags/1x1/za.svg]
[laravel.spruko.com/spruha/ltr/assets/plugins/web-fonts/flag-icon-css/flags/4x3/zm.svg]
[laravel.spruko.com/spruha/ltr/assets/plugins/web-fonts/flag-icon-css/flags/1x1/zm.svg]
[laravel.spruko.com/spruha/ltr/assets/plugins/web-fonts/flag-icon-css/flags/4x3/zw.svg]
[laravel.spruko.com/spruha/ltr/assets/plugins/web-fonts/flag-icon-css/flags/1x1/zw.svg]
[laravel.spruko.com/spruha/ltr/assets/plugins/web-fonts/flag-icon-css/flags/4x3/es-ct.svg]
[laravel.spruko.com/spruha/ltr/assets/plugins/web-fonts/flag-icon-css/flags/1x1/es-ct.svg]
[laravel.spruko.com/spruha/ltr/assets/plugins/web-fonts/flag-icon-css/flags/4x3/eu.svg]
[laravel.spruko.com/spruha/ltr/assets/plugins/web-fonts/flag-icon-css/flags/1x1/eu.svg]
[laravel.spruko.com/spruha/ltr/assets/plugins/web-fonts/flag-icon-css/flags/4x3/gb-eng.svg]
[laravel.spruko.com/spruha/ltr/assets/plugins/web-fonts/flag-icon-css/flags/1x1/gb-eng.svg]
[laravel.spruko.com/spruha/ltr/assets/plugins/web-fonts/flag-icon-css/flags/4x3/gb-nir.svg]
[laravel.spruko.com/spruha/ltr/assets/plugins/web-fonts/flag-icon-css/flags/1x1/gb-nir.svg]
[laravel.spruko.com/spruha/ltr/assets/plugins/web-fonts/flag-icon-css/flags/4x3/gb-sct.svg]
[laravel.spruko.com/spruha/ltr/assets/plugins/web-fonts/flag-icon-css/flags/1x1/gb-sct.svg]
[laravel.spruko.com/spruha/ltr/assets/plugins/web-fonts/flag-icon-css/flags/4x3/gb-wls.svg]
[laravel.spruko.com/spruha/ltr/assets/plugins/web-fonts/flag-icon-css/flags/1x1/gb-wls.svg]
[laravel.spruko.com/spruha/ltr/assets/plugins/web-fonts/flag-icon-css/flags/4x3/un.svg]
[laravel.spruko.com/spruha/ltr/assets/plugins/web-fonts/flag-icon-css/flags/1x1/un.svg]
[laravel.spruko.com/spruha/ltr/assets/plugins/owl-carousel/owl.video.play.html]
[laravel.spruko.com/spruha/ltr/assets/images/faces/female/6.html]
[laravel.spruko.com/spruha/ltr/assets/images/faces/male/13.html]
[laravel.spruko.com/spruha/ltr/assets/images/faces/female/15.html]
[laravel.spruko.com/spruha/ltr/assets/plugins/timeline/images/arrow-left.svg]
[laravel.spruko.com/spruha/ltr/assets/plugins/timeline/images/arrow-right.svg]
[laravel.spruko.com/spruha/ltr/assets/plugins/darggable/images/ui-icons_444444_256x240.html]
[laravel.spruko.com/spruha/ltr/assets/plugins/darggable/images/ui-icons_555555_256x240.html]
[laravel.spruko.com/spruha/ltr/assets/plugins/darggable/images/ui-icons_ffffff_256x240.html]
[laravel.spruko.com/spruha/ltr/assets/plugins/darggable/images/ui-icons_777620_256x240.html]
[laravel.spruko.com/spruha/ltr/assets/plugins/darggable/images/ui-icons_cc0000_256x240.html]
[laravel.spruko.com/spruha/ltr/assets/plugins/darggable/images/ui-icons_777777_256x240.html]
[laravel.spruko.com/spruha/ltr/assets/plugins/fileuploads/fonts/dropify.svg]
[laravel.spruko.com/spruha/ltr/assets/js/crypto-dashboard.js]
[laravel.spruko.com/spruha/ltr/assets/plugins/echarts/echarts.js]
[laravel.spruko.com/spruha/ltr/assets/plugins/gallery/fonts/lgd641.svg]
[laravel.spruko.com/spruha/ltr/assets/plugins/img/vimeo-play.html]
[laravel.spruko.com/spruha/ltr/assets/plugins/img/video-play.html]
[laravel.spruko.com/spruha/ltr/assets/plugins/img/youtube-play.html]
[laravel.spruko.com/spruha/ltr/assets/plugins/web-fonts/flag-icon-css/flags/4x3/rs.svg]
[laravel.spruko.com/spruha/ltr/assets/plugins/web-fonts/flag-icon-css/flags/1x1/rs.svg]
[laravel.spruko.com/spruha/ltr/assets/plugins/web-fonts/flag-icon-css/flags/1x1/sa.svg]
[laravel.spruko.com/spruha/ltr/assets/plugins/web-fonts/flag-icon-css/flags/4x3/sv.svg]
[laravel.spruko.com/spruha/ltr/assets/plugins/web-fonts/flag-icon-css/flags/1x1/sv.svg]
[laravel.spruko.com/spruha/ltr/assets/plugins/web-fonts/flag-icon-css/flags/1x1/sx.svg]
[laravel.spruko.com/spruha/ltr/assets/plugins/web-fonts/flag-icon-css/flags/4x3/sz.svg]
[laravel.spruko.com/spruha/ltr/assets/plugins/web-fonts/flag-icon-css/flags/1x1/tv.svg]
[laravel.spruko.com/spruha/ltr/assets/plugins/web-fonts/flag-icon-css/flags/4x3/va.svg]
[laravel.spruko.com/spruha/ltr/assets/plugins/web-fonts/flag-icon-css/flags/1x1/va.svg]
[laravel.spruko.com/spruha/ltr/assets/plugins/web-fonts/flag-icon-css/flags/4x3/ve.svg]
[laravel.spruko.com/spruha/ltr/assets/plugins/web-fonts/flag-icon-css/flags/1x1/ve.svg]
[laravel.spruko.com/spruha/ltr/assets/plugins/web-fonts/flag-icon-css/flags/4x3/vg.svg]
[laravel.spruko.com/spruha/ltr/assets/plugins/web-fonts/flag-icon-css/flags/1x1/vg.svg]
[laravel.spruko.com/spruha/ltr/assets/plugins/web-fonts/flag-icon-css/flags/4x3/vi.svg]
[laravel.spruko.com/spruha/ltr/assets/plugins/web-fonts/flag-icon-css/flags/1x1/vi.svg]
