[laravel.spruko.com/spruha/ltr/index.html]
[laravel.spruko.com/spruha/ltr/assets/img/brand/favicon.ico]
[backblue.gif]
[fade.gif]
[index.html]
[laravel.spruko.com/spruha/ltr/horizontal.html]
[laravel.spruko.com/spruha/ltr/assets/img/brand/logo-light.png]
[laravel.spruko.com/spruha/ltr/assets/img/brand/icon-light.png]
[laravel.spruko.com/spruha/ltr/assets/img/brand/logo.png]
[laravel.spruko.com/spruha/ltr/assets/img/brand/icon.png]
[laravel.spruko.com/spruha/ltr/cryptodashbaord.html]
[laravel.spruko.com/spruha/ltr/cryptomarket.html]
[laravel.spruko.com/spruha/ltr/cryptocurrencyexchange.html]
[laravel.spruko.com/spruha/ltr/cryptobuysell.html]
[laravel.spruko.com/spruha/ltr/cryptowallet.html]
[laravel.spruko.com/spruha/ltr/cryptotranscations.html]
[laravel.spruko.com/spruha/ltr/ecommercedashboard.html]
[laravel.spruko.com/spruha/ltr/ecommerceproducts.html]
[laravel.spruko.com/spruha/ltr/ecommerceproductdetails.html]
[laravel.spruko.com/spruha/ltr/ecommercecart.html]
[laravel.spruko.com/spruha/ltr/ecommercecheckout.html]
[laravel.spruko.com/spruha/ltr/ecommerceorders.html]
[laravel.spruko.com/spruha/ltr/ecommerceaccount.html]
[laravel.spruko.com/spruha/ltr/widgets.html]
[laravel.spruko.com/spruha/ltr/mailinbox.html]
[laravel.spruko.com/spruha/ltr/viewmail.html]
[laravel.spruko.com/spruha/ltr/chat.html]
[laravel.spruko.com/spruha/ltr/cards.html]
[laravel.spruko.com/spruha/ltr/calendar.html]
[laravel.spruko.com/spruha/ltr/contacts.html]
[laravel.spruko.com/spruha/ltr/icons01.html]
[laravel.spruko.com/spruha/ltr/icons02.html]
[laravel.spruko.com/spruha/ltr/icons03.html]
[laravel.spruko.com/spruha/ltr/icons04.html]
[laravel.spruko.com/spruha/ltr/icons05.html]
[laravel.spruko.com/spruha/ltr/icons06.html]
[laravel.spruko.com/spruha/ltr/icons07.html]
[laravel.spruko.com/spruha/ltr/icons08.html]
[laravel.spruko.com/spruha/ltr/icons09.html]
[laravel.spruko.com/spruha/ltr/icons10.html]
[laravel.spruko.com/spruha/ltr/icons11.html]
[laravel.spruko.com/spruha/ltr/mapmapel.html]
[laravel.spruko.com/spruha/ltr/mapvector.html]
[laravel.spruko.com/spruha/ltr/tablebasic.html]
[laravel.spruko.com/spruha/ltr/tabledata.html]
[laravel.spruko.com/spruha/ltr/alerts.html]
[laravel.spruko.com/spruha/ltr/avatar.html]
[laravel.spruko.com/spruha/ltr/breadcrumbs.html]
[laravel.spruko.com/spruha/ltr/buttons.html]
[laravel.spruko.com/spruha/ltr/badge.html]
[laravel.spruko.com/spruha/ltr/dropdown.html]
[laravel.spruko.com/spruha/ltr/thumbnails.html]
[laravel.spruko.com/spruha/ltr/listgroup.html]
[laravel.spruko.com/spruha/ltr/navigation.html]
[laravel.spruko.com/spruha/ltr/pagination.html]
[laravel.spruko.com/spruha/ltr/popover.html]
[laravel.spruko.com/spruha/ltr/progress.html]
[laravel.spruko.com/spruha/ltr/spinners.html]
[laravel.spruko.com/spruha/ltr/mediaobject.html]
[laravel.spruko.com/spruha/ltr/typography.html]
[laravel.spruko.com/spruha/ltr/tooltip.html]
[laravel.spruko.com/spruha/ltr/toast.html]
[laravel.spruko.com/spruha/ltr/tags.html]
[laravel.spruko.com/spruha/ltr/accordion.html]
[laravel.spruko.com/spruha/ltr/carousel.html]
[laravel.spruko.com/spruha/ltr/collapse.html]
[laravel.spruko.com/spruha/ltr/counters.html]
[laravel.spruko.com/spruha/ltr/modals.html]
[laravel.spruko.com/spruha/ltr/timeline.html]
[laravel.spruko.com/spruha/ltr/darggablecard.html]
[laravel.spruko.com/spruha/ltr/sweetalert.html]
[laravel.spruko.com/spruha/ltr/rating.html]
[laravel.spruko.com/spruha/ltr/search.html]
[laravel.spruko.com/spruha/ltr/userlist.html]
[laravel.spruko.com/spruha/ltr/blog.html]
[laravel.spruko.com/spruha/ltr/formelements.html]
[laravel.spruko.com/spruha/ltr/formadvanced.html]
[laravel.spruko.com/spruha/ltr/formlayouts.html]
[laravel.spruko.com/spruha/ltr/formvalidation.html]
[laravel.spruko.com/spruha/ltr/formwizards.html]
[laravel.spruko.com/spruha/ltr/formeditor.html]
[laravel.spruko.com/spruha/ltr/chartflot.html]
[laravel.spruko.com/spruha/ltr/chartchartjs.html]
[laravel.spruko.com/spruha/ltr/chartsparkpeity.html]
[laravel.spruko.com/spruha/ltr/chartechart.html]
[laravel.spruko.com/spruha/ltr/profile.html]
[laravel.spruko.com/spruha/ltr/invoice.html]
[laravel.spruko.com/spruha/ltr/pricing.html]
[laravel.spruko.com/spruha/ltr/gallery.html]
[laravel.spruko.com/spruha/ltr/faq.html]
[laravel.spruko.com/spruha/ltr/successmessage.html]
[laravel.spruko.com/spruha/ltr/dangermessage.html]
[laravel.spruko.com/spruha/ltr/warningmessage.html]
[laravel.spruko.com/spruha/ltr/empty.html]
[laravel.spruko.com/spruha/ltr/background.html]
[laravel.spruko.com/spruha/ltr/border.html]
[laravel.spruko.com/spruha/ltr/display.html]
[laravel.spruko.com/spruha/ltr/flex.html]
[laravel.spruko.com/spruha/ltr/height.html]
[laravel.spruko.com/spruha/ltr/margin.html]
[laravel.spruko.com/spruha/ltr/padding.html]
[laravel.spruko.com/spruha/ltr/position.html]
[laravel.spruko.com/spruha/ltr/width.html]
[laravel.spruko.com/spruha/ltr/extras.html]
[laravel.spruko.com/spruha/ltr/signin.html]
[laravel.spruko.com/spruha/ltr/signup.html]
[laravel.spruko.com/spruha/ltr/forgot.html]
[laravel.spruko.com/spruha/ltr/reset.html]
[laravel.spruko.com/spruha/ltr/lockscreen.html]
[laravel.spruko.com/spruha/ltr/underconstruction.html]
[laravel.spruko.com/spruha/ltr/error404.html]
[laravel.spruko.com/spruha/ltr/error500.html]
[laravel.spruko.com/spruha/ltr/assets/img/flags/french_flag.jpg]
[laravel.spruko.com/spruha/ltr/assets/img/flags/germany_flag.jpg]
[laravel.spruko.com/spruha/ltr/assets/img/flags/italy_flag.jpg]
[laravel.spruko.com/spruha/ltr/assets/img/flags/russia_flag.jpg]
[laravel.spruko.com/spruha/ltr/assets/img/flags/spain_flag.jpg]
[laravel.spruko.com/spruha/ltr/assets/img/users/5.jpg]
[laravel.spruko.com/spruha/ltr/assets/img/users/2.jpg]
[laravel.spruko.com/spruha/ltr/assets/img/users/3.jpg]
[laravel.spruko.com/spruha/ltr/assets/img/users/1.jpg]
[laravel.spruko.com/spruha/ltr/assets/img/pngs/work3.png]
[laravel.spruko.com/spruha/ltr/assets/img/users/4.jpg]
[laravel.spruko.com/spruha/ltr/assets/img/users/6.jpg]
[laravel.spruko.com/spruha/ltr/assets/img/users/7.jpg]
[laravel.spruko.com/spruha/ltr/assets/img/users/8.jpg]
[laravel.spruko.com/spruha/ltr/assets/img/users/11.jpg]
[laravel.spruko.com/spruha/ltr/assets/img/users/12.jpg]
[laravel.spruko.com/spruha/ltr/assets/img/users/9.jpg]
[laravel.spruko.com/spruha/ltr/assets/img/users/10.jpg]
[laravel.spruko.com/spruha/ltr/assets/img/pngs/work.png]
[laravel.spruko.com/spruha/ltr/assets/img/media/project-logo.png]
[laravel.spruko.com/spruha/ltr/assets/plugins/jquery/jquery.min.js]
[laravel.spruko.com/spruha/ltr/assets/plugins/bootstrap/js/popper.min.js]
[laravel.spruko.com/spruha/ltr/assets/plugins/bootstrap/js/bootstrap.min.js]
[laravel.spruko.com/spruha/ltr/assets/plugins/select2/js/select2.min.js]
[laravel.spruko.com/spruha/ltr/assets/plugins/perfect-scrollbar/perfect-scrollbar.min.js]
[laravel.spruko.com/spruha/ltr/assets/plugins/sidemenu/sidemenu.js]
[laravel.spruko.com/spruha/ltr/assets/plugins/sidebar/sidebar.js]
[laravel.spruko.com/spruha/ltr/assets/plugins/chart.js/Chart.bundle.min.js]
[laravel.spruko.com/spruha/ltr/assets/plugins/peity/jquery.peity.min.js]
[laravel.spruko.com/spruha/ltr/assets/plugins/raphael/raphael.min.js]
[laravel.spruko.com/spruha/ltr/assets/plugins/morris.js/morris.min.js]
[laravel.spruko.com/spruha/ltr/assets/js/circle-progress.min.js]
[laravel.spruko.com/spruha/ltr/assets/js/chart-circle.js]
[laravel.spruko.com/spruha/ltr/assets/js/index.js]
[laravel.spruko.com/spruha/ltr/assets/js/sticky.js]
[laravel.spruko.com/spruha/ltr/assets/js/custom.js]
[laravel.spruko.com/spruha/ltr/assets/switcher/js/switcher.js]
[laravel.spruko.com/spruha/ltr/index.html]
[laravel.spruko.com/spruha/ltr/assets/plugins/bootstrap/css/bootstrap.min.css]
[laravel.spruko.com/spruha/ltr/assets/plugins/web-fonts/font/fontawesome-webfont3e6e.eot]
[laravel.spruko.com/spruha/ltr/assets/plugins/web-fonts/font/fontawesome-webfontd41d.eot]
[laravel.spruko.com/spruha/ltr/assets/plugins/web-fonts/font/fontawesome-webfont3e6e.woff2]
[laravel.spruko.com/spruha/ltr/assets/plugins/web-fonts/font/fontawesome-webfont3e6e.woff]
[laravel.spruko.com/spruha/ltr/assets/plugins/web-fonts/font/fontawesome-webfont3e6e.ttf]
[laravel.spruko.com/spruha/ltr/assets/plugins/web-fonts/font/Material-Design-Iconic-Fontd1f1.woff2]
[laravel.spruko.com/spruha/ltr/assets/plugins/web-fonts/font/Material-Design-Iconic-Fontd1f1.woff]
[laravel.spruko.com/spruha/ltr/assets/plugins/web-fonts/font/Material-Design-Iconic-Fontd1f1.ttf]
[laravel.spruko.com/spruha/ltr/assets/plugins/web-fonts/font/themify9f24.eot]
[laravel.spruko.com/spruha/ltr/assets/plugins/web-fonts/font/themifyd41d.eot]
[laravel.spruko.com/spruha/ltr/assets/plugins/web-fonts/font/themify9f24.woff]
[laravel.spruko.com/spruha/ltr/assets/plugins/web-fonts/font/themify9f24.ttf]
[laravel.spruko.com/spruha/ltr/assets/plugins/web-fonts/fonts/Simple-Line-Icons.b54c82.delayed]
[laravel.spruko.com/spruha/ltr/assets/plugins/web-fonts/fonts/Simple-Line-Iconsd41d.eot]
[laravel.spruko.com/spruha/ltr/assets/plugins/web-fonts/fonts/Simple-Line-Icons4c82.ttf]
[laravel.spruko.com/spruha/ltr/assets/plugins/web-fonts/fonts/Simple-Line-Icons4c82.woff2]
[laravel.spruko.com/spruha/ltr/assets/plugins/web-fonts/fonts/Simple-Line-Icons4c82.woff]
[laravel.spruko.com/spruha/ltr/assets/plugins/web-fonts/fonts/Simple-Line-Icons4c82.svg]
[laravel.spruko.com/spruha/ltr/assets/plugins/web-fonts/font/ioniconsaa26.eot]
[laravel.spruko.com/spruha/ltr/assets/plugins/web-fonts/font/ioniconsaa26.ttf]
[laravel.spruko.com/spruha/ltr/assets/plugins/web-fonts/font/ioniconsaa26.woff]
[laravel.spruko.com/spruha/ltr/assets/plugins/web-fonts/font/weathericons-regular-webfont.eot]
[laravel.spruko.com/spruha/ltr/assets/plugins/web-fonts/font/weathericons-regular-webfont.woff2]
[laravel.spruko.com/spruha/ltr/assets/plugins/web-fonts/font/weathericons-regular-webfontd41d.eot]
[laravel.spruko.com/spruha/ltr/assets/plugins/web-fonts/fonts/weathericons-regular-webfont.c1.delayed]
[laravel.spruko.com/spruha/ltr/assets/plugins/web-fonts/font/weathericons-regular-webfont.ttf]
[laravel.spruko.com/spruha/ltr/assets/plugins/web-fonts/font/typicons.eot]
[laravel.spruko.com/spruha/ltr/assets/plugins/web-fonts/font/typicons.woff]
[laravel.spruko.com/spruha/ltr/assets/plugins/web-fonts/font/typiconsd41d.eot]
[laravel.spruko.com/spruha/ltr/assets/plugins/web-fonts/font/typicons.ttf]
[laravel.spruko.com/spruha/ltr/assets/plugins/web-fonts/font/Pe-icon-7-strokebb1d.eot]
[laravel.spruko.com/spruha/ltr/assets/plugins/web-fonts/font/Pe-icon-7-stroked41d.eot]
[laravel.spruko.com/spruha/ltr/assets/plugins/web-fonts/font/Pe-icon-7-strokebb1d.woff]
[laravel.spruko.com/spruha/ltr/assets/plugins/web-fonts/font/Pe-icon-7-strokebb1d.ttf]
[laravel.spruko.com/spruha/ltr/assets/plugins/web-fonts/icons.css]
[laravel.spruko.com/spruha/ltr/assets/plugins/web-fonts/font-awesome/fontawesome-webfont3e6e.eot]
[laravel.spruko.com/spruha/ltr/assets/plugins/web-fonts/font-awesome/fontawesome-webfontd41d.eot]
[laravel.spruko.com/spruha/ltr/assets/plugins/web-fonts/font-awesome/fontawesome-webfont3e6e.woff2]
[laravel.spruko.com/spruha/ltr/assets/plugins/web-fonts/font-awesome/fontawesome-webfont3e6e.woff]
[laravel.spruko.com/spruha/ltr/assets/plugins/web-fonts/font-awesome/fontawesome-webfont3e6e.ttf]
[laravel.spruko.com/spruha/ltr/assets/plugins/web-fonts/font-awesome/fa-brands-400.eot]
[laravel.spruko.com/spruha/ltr/assets/plugins/web-fonts/font-awesome/fa-brands-400d41d.eot]
[laravel.spruko.com/spruha/ltr/assets/plugins/web-fonts/font-awesome/fa-brands-400.woff2]
[laravel.spruko.com/spruha/ltr/assets/plugins/web-fonts/font-awesome/fa-brands-400.woff]
[laravel.spruko.com/spruha/ltr/assets/plugins/web-fonts/font-awesome/fa-brands-400.ttf]
[laravel.spruko.com/spruha/ltr/assets/plugins/web-fonts/font-awesome/fa-regular-400.eot]
[laravel.spruko.com/spruha/ltr/assets/plugins/web-fonts/font-awesome/fa-regular-400d41d.eot]
[laravel.spruko.com/spruha/ltr/assets/plugins/web-fonts/font-awesome/fa-regular-400.woff2]
[laravel.spruko.com/spruha/ltr/assets/plugins/web-fonts/font-awesome/fa-regular-400.woff]
[laravel.spruko.com/spruha/ltr/assets/plugins/web-fonts/font-awesome/fa-regular-400.ttf]
[laravel.spruko.com/spruha/ltr/assets/plugins/web-fonts/font-awesome/fa-solid-900.eot]
[laravel.spruko.com/spruha/ltr/assets/plugins/web-fonts/font-awesome/fa-solid-900.woff2]
[laravel.spruko.com/spruha/ltr/assets/plugins/web-fonts/font-awesome/fa-solid-900d41d.eot]
[laravel.spruko.com/spruha/ltr/assets/plugins/web-fonts/font-awesome/fa-solid-900.woff]
[laravel.spruko.com/spruha/ltr/assets/plugins/web-fonts/font-awesome/fa-solid-900.ttf]
[laravel.spruko.com/spruha/ltr/assets/plugins/web-fonts/font-awesome/font-awesome.min.css]
[laravel.spruko.com/spruha/ltr/assets/plugins/web-fonts/fonts/themify/themify.eot]
[laravel.spruko.com/spruha/ltr/assets/plugins/web-fonts/fonts/themify/themify.woff]
[laravel.spruko.com/spruha/ltr/assets/plugins/web-fonts/fonts/themify/themify.ttf]
[laravel.spruko.com/spruha/ltr/assets/plugins/web-fonts/fonts/weathericons/weathericons-regular-webfont.eot]
[laravel.spruko.com/spruha/ltr/assets/plugins/web-fonts/fonts/weathericons/weathericons-regular-webfont.woff2]
[laravel.spruko.com/spruha/ltr/assets/plugins/web-fonts/fonts/weathericons/weathericons-regular-webfont.woff]
[laravel.spruko.com/spruha/ltr/assets/plugins/web-fonts/fonts/weathericons/weathericons-regular-webfont.ttf]
[laravel.spruko.com/spruha/ltr/assets/plugins/web-fonts/fonts/materialdesignicons/materialdesignicons-webfont.eot]
[laravel.spruko.com/spruha/ltr/assets/plugins/web-fonts/fonts/materialdesignicons/materialdesignicons-webfont.woff2]
[laravel.spruko.com/spruha/ltr/assets/plugins/web-fonts/fonts/materialdesignicons/materialdesignicons-webfont.woff]
[laravel.spruko.com/spruha/ltr/assets/plugins/web-fonts/fonts/materialdesignicons/materialdesignicons-webfont.ttf]
[laravel.spruko.com/spruha/ltr/assets/plugins/web-fonts/fonts/simple-line-icons/Simple-Line-Icons.eot]
[laravel.spruko.com/spruha/ltr/assets/plugins/web-fonts/fonts/simple-line-icons/Simple-Line-Icons.woff2]
[laravel.spruko.com/spruha/ltr/assets/plugins/web-fonts/fonts/simple-line-icons/Simple-Line-Icons.ttf]
[laravel.spruko.com/spruha/ltr/assets/plugins/web-fonts/fonts/simple-line-icons/Simple-Line-Icons.woff]
[laravel.spruko.com/spruha/ltr/assets/plugins/web-fonts/fonts/feather/feather-webfont.eot]
[laravel.spruko.com/spruha/ltr/assets/plugins/web-fonts/fonts/feather/feather-webfont.woff]
[laravel.spruko.com/spruha/ltr/assets/plugins/web-fonts/fonts/feather/feather-webfont.ttf]
[laravel.spruko.com/spruha/ltr/assets/plugins/web-fonts/fonts/ionicons/ionicons.eot]
[laravel.spruko.com/spruha/ltr/assets/plugins/web-fonts/fonts/ionicons/ionicons53d0.woff2]
[laravel.spruko.com/spruha/ltr/assets/plugins/web-fonts/fonts/ionicons/ionicons53d0.woff]
[laravel.spruko.com/spruha/ltr/assets/plugins/web-fonts/fonts/ionicons/ionicons53d0.ttf]
[laravel.spruko.com/spruha/ltr/assets/plugins/web-fonts/plugin.css]
[laravel.spruko.com/spruha/ltr/assets/css/style/style.css]
[laravel.spruko.com/spruha/ltr/assets/css/skins.css]
[laravel.spruko.com/spruha/ltr/assets/img/pngs/bg1.png]
[laravel.spruko.com/spruha/ltr/assets/css/dark-style.css]
[laravel.spruko.com/spruha/ltr/assets/css/colors/default.css]
[laravel.spruko.com/spruha/ltr/assets/css/colors/color.css]
[laravel.spruko.com/spruha/ltr/assets/plugins/select2/css/select2.min.css]
[laravel.spruko.com/spruha/ltr/assets/plugins/multipleselect/multiple-select.css]
[laravel.spruko.com/spruha/ltr/assets/css/sidemenu/sidemenu.css]
[laravel.spruko.com/spruha/ltr/assets/switcher/css/switcher.css]
[laravel.spruko.com/spruha/ltr/assets/switcher/img/2.png]
[laravel.spruko.com/spruha/ltr/assets/switcher/img/3.png]
[laravel.spruko.com/spruha/ltr/assets/switcher/img/4.png]
[laravel.spruko.com/spruha/ltr/assets/switcher/img/5.png]
[laravel.spruko.com/spruha/ltr/assets/switcher/img/6.png]
[laravel.spruko.com/spruha/ltr/assets/switcher/img/8.png]
[laravel.spruko.com/spruha/ltr/assets/switcher/img/7.png]
[laravel.spruko.com/spruha/ltr/assets/switcher/demo.css]
[laravel.spruko.com/spruha/ltr/horizontal.html]
[laravel.spruko.com/spruha/ltr/assets/css/colors/color1.css]
[laravel.spruko.com/spruha/ltr/assets/css/colors/color2.css]
[laravel.spruko.com/spruha/ltr/assets/css/colors/color3.css]
[laravel.spruko.com/spruha/ltr/assets/css/colors/color4.css]
[laravel.spruko.com/spruha/ltr/assets/css/colors/color5.css]
[laravel.spruko.com/spruha/ltr/assets/img/loader.svg]
[laravel.spruko.com/spruha/ltr/assets/plugins/owl-carousel/owl.carousel.js]
[laravel.spruko.com/spruha/ltr/assets/js/apexcharts.js]
[laravel.spruko.com/spruha/ltr/assets/plugins/polyfill/polyfill.min.js]
[laravel.spruko.com/spruha/ltr/assets/plugins/polyfill/classList.min.js]
[laravel.spruko.com/spruha/ltr/assets/plugins/polyfill/polyfill_mdn.js]
[laravel.spruko.com/spruha/ltr/assets/plugins/jquery-sparkline/jquery.sparkline.min.js]
[laravel.spruko.com/spruha/ltr/assets/js/crypto-dashboard.js]
[laravel.spruko.com/spruha/ltr/cryptodashbaord.html]
[laravel.spruko.com/spruha/ltr/assets/js/crypto-market.js]
[laravel.spruko.com/spruha/ltr/cryptomarket.html]
[laravel.spruko.com/spruha/ltr/assets/js/select2.js]
[laravel.spruko.com/spruha/ltr/assets/js/crypto-exchange.js]
[laravel.spruko.com/spruha/ltr/cryptocurrencyexchange.html]
[laravel.spruko.com/spruha/ltr/assets/img/visa.png]
[laravel.spruko.com/spruha/ltr/assets/img/mastercard.png]
[laravel.spruko.com/spruha/ltr/assets/img/paypal.png]
[laravel.spruko.com/spruha/ltr/assets/img/amex.png]
[laravel.spruko.com/spruha/ltr/assets/js/crypto-buysell.js]
[laravel.spruko.com/spruha/ltr/cryptobuysell.html]
[laravel.spruko.com/spruha/ltr/assets/img/pngs/qrcode.png]
[laravel.spruko.com/spruha/ltr/assets/plugins/clipboard/clipboard.js]
[laravel.spruko.com/spruha/ltr/cryptowallet.html]
[laravel.spruko.com/spruha/ltr/assets/plugins/datatable/jquery.dataTables.min.js]
[laravel.spruko.com/spruha/ltr/assets/plugins/datatable/dataTables.bootstrap4.min.js]
[laravel.spruko.com/spruha/ltr/assets/js/table-data.js]
[laravel.spruko.com/spruha/ltr/assets/plugins/datatable/dataTables.responsive.min.js]
[laravel.spruko.com/spruha/ltr/assets/plugins/datatable/fileexport/dataTables.buttons.min.js]
[laravel.spruko.com/spruha/ltr/assets/plugins/datatable/fileexport/buttons.bootstrap4.min.js]
[laravel.spruko.com/spruha/ltr/cryptotranscations.html]
[laravel.spruko.com/spruha/ltr/assets/img/pngs/14.png]
[laravel.spruko.com/spruha/ltr/assets/img/pngs/18.png]
[laravel.spruko.com/spruha/ltr/assets/img/pngs/17.png]
[laravel.spruko.com/spruha/ltr/assets/img/pngs/16.png]
[laravel.spruko.com/spruha/ltr/assets/img/pngs/19.png]
[laravel.spruko.com/spruha/ltr/assets/img/pngs/15.png]
[laravel.spruko.com/spruha/ltr/assets/js/ecommerce-dashboard.js]
[laravel.spruko.com/spruha/ltr/assets/plugins/jvectormap/jquery-jvectormap-2.0.2.min.js]
[laravel.spruko.com/spruha/ltr/assets/plugins/jvectormap/jquery-jvectormap-world-mill-en.js]
[laravel.spruko.com/spruha/ltr/assets/plugins/jvectormap/gdp-data.js]
[laravel.spruko.com/spruha/ltr/ecommercedashboard.html]
[laravel.spruko.com/spruha/ltr/assets/img/pngs/1.png]
[laravel.spruko.com/spruha/ltr/assets/img/pngs/01.png]
[laravel.spruko.com/spruha/ltr/assets/img/pngs/2.png]
[laravel.spruko.com/spruha/ltr/assets/img/pngs/02.png]
[laravel.spruko.com/spruha/ltr/assets/img/pngs/3.png]
[laravel.spruko.com/spruha/ltr/assets/img/pngs/03.png]
[laravel.spruko.com/spruha/ltr/assets/img/pngs/4.png]
[laravel.spruko.com/spruha/ltr/assets/img/pngs/04.png]
[laravel.spruko.com/spruha/ltr/assets/img/pngs/5.png]
[laravel.spruko.com/spruha/ltr/assets/img/pngs/07.png]
[laravel.spruko.com/spruha/ltr/assets/img/pngs/8.png]
[laravel.spruko.com/spruha/ltr/assets/img/pngs/08.png]
[laravel.spruko.com/spruha/ltr/assets/js/check-all-mail.js]
[laravel.spruko.com/spruha/ltr/ecommerceproducts.html]
[laravel.spruko.com/spruha/ltr/assets/img/pngs/shirt-3.png]
[laravel.spruko.com/spruha/ltr/assets/img/pngs/shirt-5.png]
[laravel.spruko.com/spruha/ltr/assets/img/pngs/shirt-4.png]
[laravel.spruko.com/spruha/ltr/assets/img/pngs/shirt-2.png]
[laravel.spruko.com/spruha/ltr/ecommerceproductdetails.html]
[laravel.spruko.com/spruha/ltr/assets/js/handleCounter.js]
[laravel.spruko.com/spruha/ltr/ecommercecart.html]
[laravel.spruko.com/spruha/ltr/assets/plugins/checkout-jquery-steps/jquery.steps.min.js]
[laravel.spruko.com/spruha/ltr/assets/js/checkout-jquery-steps.js]
[laravel.spruko.com/spruha/ltr/ecommercecheckout.html]
[laravel.spruko.com/spruha/ltr/ecommerceorders.html]
[laravel.spruko.com/spruha/ltr/ecommerceaccount.html]
[laravel.spruko.com/spruha/ltr/assets/plugins/jquery-ui/ui/widgets/datepicker.js]
[laravel.spruko.com/spruha/ltr/widgets.html]
[laravel.spruko.com/spruha/ltr/mailinbox.html]
[laravel.spruko.com/spruha/ltr/assets/img/media/18.jpg]
[laravel.spruko.com/spruha/ltr/assets/img/media/19.jpg]
[laravel.spruko.com/spruha/ltr/assets/img/media/20.jpg]
[laravel.spruko.com/spruha/ltr/viewmail.html]
[laravel.spruko.com/spruha/ltr/assets/img/media/3.jpg]
[laravel.spruko.com/spruha/ltr/assets/img/media/4.jpg]
[laravel.spruko.com/spruha/ltr/assets/img/media/5.jpg]
[laravel.spruko.com/spruha/ltr/assets/plugins/lightslider/js/lightslider.min.js]
[laravel.spruko.com/spruha/ltr/assets/js/chat.js]
[laravel.spruko.com/spruha/ltr/chat.html]
[laravel.spruko.com/spruha/ltr/assets/img/media/1.jpg]
[laravel.spruko.com/spruha/ltr/assets/img/media/2.jpg]
[laravel.spruko.com/spruha/ltr/assets/plugins/prism/prism.js]
[laravel.spruko.com/spruha/ltr/cards.html]
[laravel.spruko.com/spruha/ltr/assets/plugins/moment/min/moment.min.js]
[laravel.spruko.com/spruha/ltr/assets/plugins/fullcalendar/fullcalendar.min.js]
[laravel.spruko.com/spruha/ltr/assets/js/calendar-events.js]
[laravel.spruko.com/spruha/ltr/assets/js/calendar.js]
[laravel.spruko.com/spruha/ltr/calendar.html]
[laravel.spruko.com/spruha/ltr/assets/js/contacts.js]
[laravel.spruko.com/spruha/ltr/contacts.html]
[laravel.spruko.com/spruha/ltr/assets/plugins/multipleselect/multiple-select.js]
[laravel.spruko.com/spruha/ltr/assets/plugins/multipleselect/multi-select.js]
[laravel.spruko.com/spruha/ltr/icons01.html]
[laravel.spruko.com/spruha/ltr/icons02.html]
[laravel.spruko.com/spruha/ltr/icons03.html]
[laravel.spruko.com/spruha/ltr/icons04.html]
[laravel.spruko.com/spruha/ltr/icons05.html]
[laravel.spruko.com/spruha/ltr/assets/css/icon-list.css]
[laravel.spruko.com/spruha/ltr/icons06.html]
[laravel.spruko.com/spruha/ltr/icons07.html]
[laravel.spruko.com/spruha/ltr/icons08.html]
[laravel.spruko.com/spruha/ltr/icons09.html]
[laravel.spruko.com/spruha/ltr/icons10.html]
[laravel.spruko.com/spruha/ltr/icons11.html]
[laravel.spruko.com/spruha/ltr/assets/plugins/mapel/raphael.min.js]
[laravel.spruko.com/spruha/ltr/assets/plugins/mapel/jquery.mapael.js]
[laravel.spruko.com/spruha/ltr/assets/plugins/mapel/maps/france_departments.js]
[laravel.spruko.com/spruha/ltr/assets/plugins/mapel/maps/world_countries.js]
[laravel.spruko.com/spruha/ltr/assets/plugins/mapel/maps/usa_states.js]
[laravel.spruko.com/spruha/ltr/assets/js/mapelmaps.js]
[laravel.spruko.com/spruha/ltr/mapmapel.html]
[laravel.spruko.com/spruha/ltr/assets/plugins/jqvmap/jquery.vmap.min.js]
[laravel.spruko.com/spruha/ltr/assets/plugins/jqvmap/maps/jquery.vmap.world.js]
[laravel.spruko.com/spruha/ltr/assets/plugins/jqvmap/maps/jquery.vmap.usa.js]
[laravel.spruko.com/spruha/ltr/assets/plugins/jqvmap/maps/jquery.vmap.canada.js]
[laravel.spruko.com/spruha/ltr/assets/js/vector-map.js]
[laravel.spruko.com/spruha/ltr/assets/js/jquery.vmap.sampledata.js]
[laravel.spruko.com/spruha/ltr/mapvector.html]
[laravel.spruko.com/spruha/ltr/tablebasic.html]
[laravel.spruko.com/spruha/ltr/assets/plugins/datatable/fileexport/jszip.min.js]
[laravel.spruko.com/spruha/ltr/assets/plugins/datatable/fileexport/pdfmake.min.js]
[laravel.spruko.com/spruha/ltr/assets/plugins/datatable/fileexport/vfs_fonts.js]
[laravel.spruko.com/spruha/ltr/assets/plugins/datatable/fileexport/buttons.html5.min.js]
[laravel.spruko.com/spruha/ltr/assets/plugins/datatable/fileexport/buttons.print.min.js]
[laravel.spruko.com/spruha/ltr/assets/plugins/datatable/fileexport/buttons.colVis.min.js]
[laravel.spruko.com/spruha/ltr/tabledata.html]
[laravel.spruko.com/spruha/ltr/alerts.html]
[laravel.spruko.com/spruha/ltr/avatar.html]
[laravel.spruko.com/spruha/ltr/breadcrumbs.html]
[laravel.spruko.com/spruha/ltr/assets/js/widgets.js]
[laravel.spruko.com/spruha/ltr/buttons.html]
[laravel.spruko.com/spruha/ltr/badge.html]
[laravel.spruko.com/spruha/ltr/dropdown.html]
[laravel.spruko.com/spruha/ltr/assets/img/media/9.jpg]
[laravel.spruko.com/spruha/ltr/assets/img/media/13.jpg]
[laravel.spruko.com/spruha/ltr/assets/img/media/14.jpg]
[laravel.spruko.com/spruha/ltr/assets/img/media/15.jpg]
[laravel.spruko.com/spruha/ltr/assets/img/media/10.jpg]
[laravel.spruko.com/spruha/ltr/assets/img/media/11.jpg]
[laravel.spruko.com/spruha/ltr/assets/img/media/8.jpg]
[laravel.spruko.com/spruha/ltr/assets/img/media/7.jpg]
[laravel.spruko.com/spruha/ltr/assets/img/media/12.jpg]
[laravel.spruko.com/spruha/ltr/thumbnails.html]
[laravel.spruko.com/spruha/ltr/listgroup.html]
[laravel.spruko.com/spruha/ltr/assets/js/navigation.js]
[laravel.spruko.com/spruha/ltr/navigation.html]
[laravel.spruko.com/spruha/ltr/pagination.html]
[laravel.spruko.com/spruha/ltr/assets/js/popover.js]
[laravel.spruko.com/spruha/ltr/popover.html]
[laravel.spruko.com/spruha/ltr/progress.html]
[laravel.spruko.com/spruha/ltr/spinners.html]
[laravel.spruko.com/spruha/ltr/assets/img/media/6.jpg]
[laravel.spruko.com/spruha/ltr/mediaobject.html]
[laravel.spruko.com/spruha/ltr/typography.html]
[laravel.spruko.com/spruha/ltr/assets/js/tooltip.js]
[laravel.spruko.com/spruha/ltr/tooltip.html]
[laravel.spruko.com/spruha/ltr/toast.html]
[laravel.spruko.com/spruha/ltr/assets/plugins/inputtags/inputtags.js]
[laravel.spruko.com/spruha/ltr/tags.html]
[laravel.spruko.com/spruha/ltr/accordion.html]
[laravel.spruko.com/spruha/ltr/assets/img/media/16.jpg]
[laravel.spruko.com/spruha/ltr/assets/img/media/17.jpg]
[laravel.spruko.com/spruha/ltr/assets/plugins/multislider/multislider.js]
[laravel.spruko.com/spruha/ltr/assets/js/carousel.js]
[laravel.spruko.com/spruha/ltr/carousel.html]
[laravel.spruko.com/spruha/ltr/.multi-collapse]
[laravel.spruko.com/spruha/ltr/collapse.html]
[laravel.spruko.com/spruha/ltr/assets/plugins/counters/jquery.missofis-countdown.js]
[laravel.spruko.com/spruha/ltr/assets/plugins/counters/counterup.min.js]
[laravel.spruko.com/spruha/ltr/assets/plugins/counters/waypoints.min.js]
[laravel.spruko.com/spruha/ltr/assets/plugins/counters/counter.js]
[laravel.spruko.com/spruha/ltr/counters.html]
[laravel.spruko.com/spruha/ltr/assets/plugins/model-datepicker/js/datepicker.js]
[laravel.spruko.com/spruha/ltr/assets/plugins/model-datepicker/js/main.js]
[laravel.spruko.com/spruha/ltr/assets/js/modal.js]
[laravel.spruko.com/spruha/ltr/modals.html]
[laravel.spruko.com/spruha/ltr/assets/plugins/timeline/js/timeline.min.js]
[laravel.spruko.com/spruha/ltr/assets/js/timline.js]
[laravel.spruko.com/spruha/ltr/timeline.html]
[laravel.spruko.com/spruha/ltr/assets/plugins/darggable/jquery-ui-darggable.min.js]
[laravel.spruko.com/spruha/ltr/assets/plugins/darggable/darggable.js]
[laravel.spruko.com/spruha/ltr/darggablecard.html]
[laravel.spruko.com/spruha/ltr/assets/plugins/sweet-alert/sweetalert.min.js]
[laravel.spruko.com/spruha/ltr/assets/plugins/sweet-alert/jquery.sweet-alert.js]
[laravel.spruko.com/spruha/ltr/sweetalert.html]
[laravel.spruko.com/spruha/ltr/assets/plugins/rating/jquery.barrating.js]
[laravel.spruko.com/spruha/ltr/assets/plugins/rating/ratings.js]
[laravel.spruko.com/spruha/ltr/rating.html]
[laravel.spruko.com/spruha/ltr/assets/img/media/screen1.jpg]
[laravel.spruko.com/spruha/ltr/assets/img/media/screen2.jpg]
[laravel.spruko.com/spruha/ltr/assets/img/media/screen3.jpg]
[laravel.spruko.com/spruha/ltr/assets/img/media/screen4.jpg]
[laravel.spruko.com/spruha/ltr/assets/img/media/screen5.jpg]
[laravel.spruko.com/spruha/ltr/search.html]
[laravel.spruko.com/spruha/ltr/userlist.html]
[laravel.spruko.com/spruha/ltr/blog.html]
[laravel.spruko.com/spruha/ltr/assets/plugins/jquery.maskedinput/jquery.maskedinput.js]
[laravel.spruko.com/spruha/ltr/assets/plugins/spectrum-colorpicker/spectrum.js]
[laravel.spruko.com/spruha/ltr/assets/plugins/ion-rangeslider/js/ion.rangeSlider.min.js]
[laravel.spruko.com/spruha/ltr/assets/js/form-elements.js]
[laravel.spruko.com/spruha/ltr/formelements.html]
[laravel.spruko.com/spruha/ltr/assets/plugins/bootstrap-daterangepicker/moment.min.js]
[laravel.spruko.com/spruha/ltr/assets/plugins/bootstrap-daterangepicker/daterangepicker.js]
[laravel.spruko.com/spruha/ltr/assets/plugins/fileuploads/js/fileupload.js]
[laravel.spruko.com/spruha/ltr/assets/plugins/fileuploads/js/file-upload.js]
[laravel.spruko.com/spruha/ltr/assets/plugins/fancyuploder/jquery.ui.widget.js]
[laravel.spruko.com/spruha/ltr/assets/plugins/fancyuploder/jquery.fileupload.js]
[laravel.spruko.com/spruha/ltr/assets/plugins/fancyuploder/jquery.iframe-transport.js]
[laravel.spruko.com/spruha/ltr/assets/plugins/fancyuploder/jquery.fancy-fileupload.js]
[laravel.spruko.com/spruha/ltr/assets/plugins/fancyuploder/fancy-uploader.js]
[laravel.spruko.com/spruha/ltr/assets/js/advanced-form-elements.js]
[laravel.spruko.com/spruha/ltr/assets/plugins/sumoselect/jquery.sumoselect.js]
[laravel.spruko.com/spruha/ltr/assets/plugins/telephoneinput/telephoneinput.js]
[laravel.spruko.com/spruha/ltr/assets/plugins/telephoneinput/inttelephoneinput.js]
[laravel.spruko.com/spruha/ltr/formadvanced.html]
[laravel.spruko.com/spruha/ltr/assets/js/form-layouts.js]
[laravel.spruko.com/spruha/ltr/formlayouts.html]
[laravel.spruko.com/spruha/ltr/assets/plugins/parsleyjs/parsley.min.js]
[laravel.spruko.com/spruha/ltr/assets/js/form-validation.js]
[laravel.spruko.com/spruha/ltr/formvalidation.html]
[laravel.spruko.com/spruha/ltr/assets/plugins/jquery-steps/jquery.steps.min.js]
[laravel.spruko.com/spruha/ltr/assets/plugins/accordion-Wizard-Form/jquery.accordion-wizard.min.js]
[laravel.spruko.com/spruha/ltr/assets/js/form-wizard.js]
[laravel.spruko.com/spruha/ltr/formwizards.html]
[laravel.spruko.com/spruha/ltr/assets/plugins/quill/quill.min.js]
[laravel.spruko.com/spruha/ltr/assets/plugins/summernote/summernote-bs4.js]
[laravel.spruko.com/spruha/ltr/assets/js/form-editor.js]
[laravel.spruko.com/spruha/ltr/formeditor.html]
[laravel.spruko.com/spruha/ltr/assets/plugins/jquery.flot/jquery.flot.js]
[laravel.spruko.com/spruha/ltr/chartmorris.html]
[laravel.spruko.com/spruha/ltr/assets/plugins/jquery.flot/jquery.flot.pie.js]
[laravel.spruko.com/spruha/ltr/assets/plugins/jquery.flot/jquery.flot.resize.js]
[laravel.spruko.com/spruha/ltr/assets/js/chart.flot.js]
[laravel.spruko.com/spruha/ltr/chartflot.html]
[laravel.spruko.com/spruha/ltr/assets/js/chart.chartjs.js]
[laravel.spruko.com/spruha/ltr/chartchartjs.html]
[laravel.spruko.com/spruha/ltr/assets/js/chart.sparkline.js]
[laravel.spruko.com/spruha/ltr/assets/js/chart.peity.js]
[laravel.spruko.com/spruha/ltr/chartsparkpeity.html]
[laravel.spruko.com/spruha/ltr/assets/plugins/echarts/echarts.js]
[laravel.spruko.com/spruha/ltr/assets/js/chart.echarts.js]
[laravel.spruko.com/spruha/ltr/chartechart.html]
[laravel.spruko.com/spruha/ltr/twitter.com/spruko.me]
[laravel.spruko.com/spruha/ltr/assets/plugins/gallery/picturefill.js]
[laravel.spruko.com/spruha/ltr/assets/plugins/gallery/lightgallery.js]
[laravel.spruko.com/spruha/ltr/assets/plugins/gallery/lightgallery-1.js]
[laravel.spruko.com/spruha/ltr/assets/plugins/gallery/lg-pager.js]
[laravel.spruko.com/spruha/ltr/assets/plugins/gallery/lg-autoplay.js]
[laravel.spruko.com/spruha/ltr/assets/plugins/gallery/lg-fullscreen.js]
[laravel.spruko.com/spruha/ltr/assets/plugins/gallery/lg-zoom.js]
[laravel.spruko.com/spruha/ltr/assets/plugins/gallery/lg-hash.js]
[laravel.spruko.com/spruha/ltr/assets/plugins/gallery/lg-share.js]
[laravel.spruko.com/spruha/ltr/profile.html]
[laravel.spruko.com/spruha/ltr/invoice.html]
[laravel.spruko.com/spruha/ltr/pricing.html]
[laravel.spruko.com/spruha/ltr/gallery.html]
[laravel.spruko.com/spruha/ltr/faq.html]
[laravel.spruko.com/spruha/ltr/successmessage.html]
[laravel.spruko.com/spruha/ltr/dangermessage.html]
[laravel.spruko.com/spruha/ltr/warningmessage.html]
[laravel.spruko.com/spruha/ltr/empty.html]
[laravel.spruko.com/spruha/ltr/background.html]
[laravel.spruko.com/spruha/ltr/border.html]
[laravel.spruko.com/spruha/ltr/display.html]
[laravel.spruko.com/spruha/ltr/flex.html]
[laravel.spruko.com/spruha/ltr/height.html]
[laravel.spruko.com/spruha/ltr/margin.html]
[laravel.spruko.com/spruha/ltr/padding.html]
[laravel.spruko.com/spruha/ltr/position.html]
[laravel.spruko.com/spruha/ltr/width.html]
[laravel.spruko.com/spruha/ltr/extras.html]
[laravel.spruko.com/spruha/ltr/signin.html]
[laravel.spruko.com/spruha/ltr/signup.html]
[laravel.spruko.com/spruha/ltr/forgot.html]
[laravel.spruko.com/spruha/ltr/reset.html]
[laravel.spruko.com/spruha/ltr/lockscreen.html]
[laravel.spruko.com/spruha/ltr/assets/plugins/jquery-countdown/jquery.plugin.min.js]
[laravel.spruko.com/spruha/ltr/assets/plugins/jquery-countdown/jquery.countdown.js]
[laravel.spruko.com/spruha/ltr/assets/plugins/jquery-countdown/countdown.js]
[laravel.spruko.com/spruha/ltr/underconstruction.html]
[laravel.spruko.com/spruha/ltr/error404.html]
[laravel.spruko.com/spruha/ltr/error500.html]
[laravel.spruko.com/spruha/ltr/assets/plugins/web-fonts/font/fontawesome-webfont3e6e.svg]
[laravel.spruko.com/spruha/ltr/assets/plugins/web-fonts/font/themify9f24.svg]
[laravel.spruko.com/spruha/ltr/assets/plugins/web-fonts/fonts/Simple-Line-Icons4c82.html]
[laravel.spruko.com/spruha/ltr/assets/plugins/web-fonts/fonts/Simple-Line-Iconsd41d.html]
[laravel.spruko.com/spruha/ltr/assets/plugins/web-fonts/fonts/Simple-Line-Icons4c82-2.html]
[laravel.spruko.com/spruha/ltr/assets/plugins/web-fonts/fonts/Simple-Line-Icons4c82-3.html]
[laravel.spruko.com/spruha/ltr/assets/plugins/web-fonts/fonts/Simple-Line-Icons4c82-4.html]
[laravel.spruko.com/spruha/ltr/assets/plugins/web-fonts/fonts/Simple-Line-Icons4c82-5.html]
[laravel.spruko.com/spruha/ltr/assets/plugins/web-fonts/font/ioniconsaa26.svg]
[laravel.spruko.com/spruha/ltr/assets/plugins/web-fonts/fonts/weathericons-regular-webfont.html]
[laravel.spruko.com/spruha/ltr/assets/plugins/web-fonts/font/weathericons-regular-webfont.svg]
[laravel.spruko.com/spruha/ltr/assets/plugins/web-fonts/font/typicons.svg]
[laravel.spruko.com/spruha/ltr/assets/plugins/web-fonts/font/Pe-icon-7-strokebb1d.svg]
[laravel.spruko.com/spruha/ltr/assets/plugins/web-fonts/font-awesome/fontawesome-webfont3e6e.svg]
[laravel.spruko.com/spruha/ltr/assets/plugins/web-fonts/font-awesome/fa-brands-400.svg]
[laravel.spruko.com/spruha/ltr/assets/plugins/web-fonts/font-awesome/fa-regular-400.svg]
[laravel.spruko.com/spruha/ltr/assets/plugins/web-fonts/font-awesome/fa-solid-900.svg]
[laravel.spruko.com/spruha/ltr/assets/plugins/web-fonts/cryptofont/fonts/cryptofont-webfont.eot]
[laravel.spruko.com/spruha/ltr/assets/plugins/web-fonts/cryptofont/fonts/cryptofont-webfontd41d.eot]
[laravel.spruko.com/spruha/ltr/assets/plugins/web-fonts/cryptofont/fonts/cryptofont-webfont.woff]
[laravel.spruko.com/spruha/ltr/assets/plugins/web-fonts/cryptofont/fonts/cryptofont-webfont.ttf]
[laravel.spruko.com/spruha/ltr/assets/plugins/web-fonts/cryptofont/css/cryptofont.min.css]
[laravel.spruko.com/spruha/ltr/assets/plugins/web-fonts/flag-icon-css/css/flag-icon.min.css]
[laravel.spruko.com/spruha/ltr/assets/plugins/web-fonts/fonts/themify/themify.svg]
[laravel.spruko.com/spruha/ltr/assets/plugins/web-fonts/fonts/weathericons/weathericons-regular-webfont.svg]
